Component: ARM Compiler 5.06 update 7 (build 960) Tool: armlink [4d3601]

==============================================================================

Section Cross References

    startup_stm32g031xx.o(STACK) refers (Special) to heapauxi.o(.text) for __use_two_region_memory
    startup_stm32g031xx.o(HEAP) refers (Special) to heapauxi.o(.text) for __use_two_region_memory
    startup_stm32g031xx.o(RESET) refers (Special) to heapauxi.o(.text) for __use_two_region_memory
    startup_stm32g031xx.o(RESET) refers to startup_stm32g031xx.o(STACK) for __initial_sp
    startup_stm32g031xx.o(RESET) refers to startup_stm32g031xx.o(.text) for Reset_Handler
    startup_stm32g031xx.o(RESET) refers to stm32g0xx_it.o(i.NMI_Handler) for NMI_Handler
    startup_stm32g031xx.o(RESET) refers to stm32g0xx_it.o(i.HardFault_Handler) for HardFault_Handler
    startup_stm32g031xx.o(RESET) refers to stm32g0xx_it.o(i.SVC_Handler) for SVC_Handler
    startup_stm32g031xx.o(RESET) refers to stm32g0xx_it.o(i.PendSV_Handler) for PendSV_Handler
    startup_stm32g031xx.o(RESET) refers to stm32g0xx_it.o(i.SysTick_Handler) for SysTick_Handler
    startup_stm32g031xx.o(.text) refers (Special) to heapauxi.o(.text) for __use_two_region_memory
    startup_stm32g031xx.o(.text) refers to system_stm32g0xx.o(i.SystemInit) for SystemInit
    startup_stm32g031xx.o(.text) refers to __main.o(!!!main) for __main
    startup_stm32g031xx.o(.text) refers to startup_stm32g031xx.o(HEAP) for Heap_Mem
    startup_stm32g031xx.o(.text) refers to startup_stm32g031xx.o(STACK) for Stack_Mem
    my_adc.o(i.choose_mux) refers to stm32g0xx_hal_gpio.o(i.HAL_GPIO_WritePin) for HAL_GPIO_WritePin
    my_adc.o(i.choose_mux) refers to my_adc.o(i.delay_us) for delay_us
    my_adc.o(i.choose_mux_channel) refers to my_adc.o(i.delay_us) for delay_us
    my_adc.o(i.read_all_batteries) refers to _printf_percent.o(.ARM.Collect$$_printf_percent$$00000000) for _printf_percent
    my_adc.o(i.read_all_batteries) refers to _printf_d.o(.ARM.Collect$$_printf_percent$$00000009) for _printf_d
    my_adc.o(i.read_all_batteries) refers to _printf_f.o(.ARM.Collect$$_printf_percent$$00000003) for _printf_f
    my_adc.o(i.read_all_batteries) refers to _printf_dec.o(.text) for _printf_int_dec
    my_adc.o(i.read_all_batteries) refers to printf1.o(x$fpl$printf1) for _printf_fp_dec
    my_adc.o(i.read_all_batteries) refers to my_adc.o(i.choose_mux) for choose_mux
    my_adc.o(i.read_all_batteries) refers to my_adc.o(i.choose_mux_channel) for choose_mux_channel
    my_adc.o(i.read_all_batteries) refers to my_adc.o(i.read_voltage_adc1) for read_voltage_adc1
    my_adc.o(i.read_all_batteries) refers to f2d.o(.text) for __aeabi_f2d
    my_adc.o(i.read_all_batteries) refers to noretval__2sprintf.o(.text) for __2sprintf
    my_adc.o(i.read_all_batteries) refers to strcat.o(.text) for strcat
    my_adc.o(i.read_all_batteries) refers to strlen.o(.text) for strlen
    my_adc.o(i.read_all_batteries) refers to stm32g0xx_hal_uart.o(i.HAL_UART_Transmit) for HAL_UART_Transmit
    my_adc.o(i.read_all_batteries) refers to my_adc.o(.bss) for .bss
    my_adc.o(i.read_all_batteries) refers to usart.o(.bss) for huart2
    my_adc.o(i.read_voltage_adc1) refers to stm32g0xx_hal_adc.o(i.HAL_ADC_PollForConversion) for HAL_ADC_PollForConversion
    my_adc.o(i.read_voltage_adc1) refers to stm32g0xx_hal_adc.o(i.HAL_ADC_GetValue) for HAL_ADC_GetValue
    my_adc.o(i.read_voltage_adc1) refers to aeabi_sdiv.o(.text) for __aeabi_uidivmod
    my_adc.o(i.read_voltage_adc1) refers to fflti.o(.text) for __aeabi_ui2f
    my_adc.o(i.read_voltage_adc1) refers to fmul.o(x$fpl$fmul) for __aeabi_fmul
    my_adc.o(i.read_voltage_adc1) refers to fdiv.o(.text) for __aeabi_fdiv
    my_adc.o(i.read_voltage_adc1) refers to adc.o(.bss) for hadc1
    leds.o(i.led_all_off) refers to stm32g0xx_hal_gpio.o(i.HAL_GPIO_WritePin) for HAL_GPIO_WritePin
    leds.o(i.led_off) refers to leds.o(i.__ARM_common_switch8) for __ARM_common_switch8
    leds.o(i.led_off) refers to stm32g0xx_hal_gpio.o(i.HAL_GPIO_WritePin) for HAL_GPIO_WritePin
    leds.o(i.led_on) refers to leds.o(i.__ARM_common_switch8) for __ARM_common_switch8
    leds.o(i.led_on) refers to stm32g0xx_hal_gpio.o(i.HAL_GPIO_WritePin) for HAL_GPIO_WritePin
    leds.o(i.led_set_balancing) refers to frlef.o(x$fpl$frleqf) for __aeabi_cfrcmple
    leds.o(i.led_set_balancing) refers to leds.o(i.led_all_off) for led_all_off
    leds.o(i.led_set_balancing) refers to leds.o(i.led_on) for led_on
    main.o(i.SystemClock_Config) refers to rt_memclr.o(.text) for __aeabi_memclr4
    main.o(i.SystemClock_Config) refers to stm32g0xx_hal_pwr_ex.o(i.HAL_PWREx_ControlVoltageScaling) for HAL_PWREx_ControlVoltageScaling
    main.o(i.SystemClock_Config) refers to stm32g0xx_hal_rcc.o(i.HAL_RCC_OscConfig) for HAL_RCC_OscConfig
    main.o(i.SystemClock_Config) refers to stm32g0xx_hal_rcc.o(i.HAL_RCC_ClockConfig) for HAL_RCC_ClockConfig
    main.o(i.main) refers to stm32g0xx_hal.o(i.HAL_Init) for HAL_Init
[...]
    ../clib/angel/handlers.s                 0x00000000   Number         0  __scatter_zi.o ABSOLUTE
    ../clib/angel/kernel.s                   0x00000000   Number         0  rtexit.o ABSOLUTE
    ../clib/angel/kernel.s                   0x00000000   Number         0  rtexit2.o ABSOLUTE
    ../clib/angel/kernel.s                   0x00000000   Number         0  __rtentry.o ABSOLUTE
    ../clib/angel/kernel.s                   0x00000000   Number         0  __rtentry2.o ABSOLUTE
    ../clib/angel/kernel.s                   0x00000000   Number         0  __rtentry4.o ABSOLUTE
    ../clib/angel/rt.s                       0x00000000   Number         0  rt_raise.o ABSOLUTE
    ../clib/angel/rt.s                       0x00000000   Number         0  aeabi_idiv0.o ABSOLUTE
    ../clib/angel/rt.s                       0x00000000   Number         0  rt_div0.o ABSOLUTE
    ../clib/angel/rt.s                       0x00000000   Number         0  rt_locale_intlibspace.o ABSOLUTE
    ../clib/angel/rt.s                       0x00000000   Number         0  aeabi_idiv0_sigfpe.o ABSOLUTE
    ../clib/angel/rt.s                       0x00000000   Number         0  aeabi_ldiv0.o ABSOLUTE
    ../clib/angel/rt.s                       0x00000000   Number         0  rt_locale.o ABSOLUTE
    ../clib/angel/rt.s                       0x00000000   Number         0  aeabi_ldiv0_sigfpe.o ABSOLUTE
    ../clib/angel/scatterp.s                 0x00000000   Number         0  __scatter.o ABSOLUTE
    ../clib/angel/startup.s                  0x00000000   Number         0  __main.o ABSOLUTE
    ../clib/angel/sys.s                      0x00000000   Number         0  libspace.o ABSOLUTE
    ../clib/angel/sys.s                      0x00000000   Number         0  sys_stackheap_outer.o ABSOLUTE
    ../clib/angel/sys.s                      0x00000000   Number         0  indicate_semi.o ABSOLUTE
    ../clib/angel/sys.s                      0x00000000   Number         0  use_no_semi.o ABSOLUTE
    ../clib/angel/sys.s                      0x00000000   Number         0  tempstk.o ABSOLUTE
    ../clib/angel/sysapp.c                   0x00000000   Number         0  sys_exit.o ABSOLUTE
    ../clib/angel/sysapp.c                   0x00000000   Number         0  sys_command.o ABSOLUTE
    ../clib/angel/sysapp.c                   0x00000000   Number         0  sys_wrch.o ABSOLUTE
    ../clib/armsys.c                         0x00000000   Number         0  argv_veneer.o ABSOLUTE
    ../clib/armsys.c                         0x00000000   Number         0  no_argv.o ABSOLUTE
    ../clib/armsys.c                         0x00000000   Number         0  _get_argv_nomalloc.o ABSOLUTE
    ../clib/bigflt.c                         0x00000000   Number         0  bigflt0.o ABSOLUTE
    ../clib/btod.c                           0x00000000   Number         0  btod.o ABSOLUTE
    ../clib/division.c                       0x00000000   Number         0  lludiv.o ABSOLUTE
    ../clib/division.c                       0x00000000   Number         0  rtudiv10.o ABSOLUTE
    ../clib/division.c                       0x00000000   Number         0  lludiv10.o ABSOLUTE
    ../clib/division.s                       0x00000000   Number         0  aeabi_sdiv.o ABSOLUTE
    ../clib/division.s                       0x00000000   Number         0  aeabi_sdiv_div0.o ABSOLUTE
    ../clib/heapalloc.c                      0x00000000   Number         0  hrguard.o ABSOLUTE
    ../clib/heapaux.c                        0x00000000   Number         0  heapauxi.o ABSOLUTE
    ../clib/libinit.s                        0x00000000   Number         0  libshutdown.o ABSOLUTE
    ../clib/libinit.s                        0x00000000   Number         0  libinit2.o ABSOLUTE
    ../clib/libinit.s                        0x00000000   Number         0  libinit.o ABSOLUTE
    ../clib/libinit.s                        0x00000000   Number         0  libshutdown2.o ABSOLUTE
    ../clib/locale.s                         0x00000000   Number         0  lc_numeric_c.o ABSOLUTE
    ../clib/memcpset.c                       0x00000000   Number         0  rt_memclr.o ABSOLUTE
    ../clib/misc.s                           0x00000000   Number         0  printf_stubs.o ABSOLUTE
    ../clib/printf.c                         0x00000000   Number         0  __printf_wp.o ABSOLUTE
    ../clib/printf.c                         0x00000000   Number         0  _printf_intcommon.o ABSOLUTE
    ../clib/printf.c                         0x00000000   Number         0  __printf_flags_wp.o ABSOLUTE
    ../clib/printf.c                         0x00000000   Number         0  __printf_ss_wp.o ABSOLUTE
    ../clib/printf.c                         0x00000000   Number         0  _printf_fp_dec.o ABSOLUTE
    ../clib/printf.c                         0x00000000   Number         0  __printf_flags_ss_wp.o ABSOLUTE
    ../clib/printf.c                         0x00000000   Number         0  __printf_nopercent.o ABSOLUTE
    ../clib/printf.c                         0x00000000   Number         0  __printf_flags_ss.o ABSOLUTE
    ../clib/printf.c                         0x00000000   Number         0  __2sprintf.o ABSOLUTE
    ../clib/printf.c                         0x00000000   Number         0  noretval__2sprintf.o ABSOLUTE
    ../clib/printf.c                         0x00000000   Number         0  __printf.o ABSOLUTE
    ../clib/printf.c                         0x00000000   Number         0  _printf_dec.o ABSOLUTE
    ../clib/printf.c                         0x00000000   Number         0  _printf_char_common.o ABSOLUTE
    ../clib/printf.c                         0x00000000   Number         0  __printf_flags.o ABSOLUTE
    ../clib/printf.c                         0x00000000   Number         0  _sputc.o ABSOLUTE
    ../clib/printf.c                         0x00000000   Number         0  __printf_ss.o ABSOLUTE
    ../clib/printf.c                         0x00000000   Number         0  _printf_fp_infnan.o ABSOLUTE
    ../clib/printf_percent.s                 0x00000000   Number         0  _printf_f.o ABSOLUTE
    ../clib/printf_percent.s                 0x00000000   Number         0  _printf_percent.o ABSOLUTE
    ../clib/printf_percent.s                 0x00000000   Number         0  _printf_d.o ABSOLUTE
    ../clib/printf_percent.s                 0x00000000   Number         0  _printf_percent_end.o ABSOLUTE
    ../clib/signal.c                         0x00000000   Number         0  defsig_rtmem_outer.o ABSOLUTE
    ../clib/signal.c                         0x00000000   Number         0  defsig_stak_inner.o ABSOLUTE
    ../clib/signal.c                         0x00000000   Number         0  __raise.o ABSOLUTE
    ../clib/signal.c                         0x00000000   Number         0  defsig_rtmem_inner.o ABSOLUTE
    ../clib/signal.c                         0x00000000   Number         0  defsig_exit.o ABSOLUTE
    ../clib/signal.c                         0x00000000   Number         0  defsig_pvfn_inner.o ABSOLUTE
    ../clib/signal.c                         0x00000000   Number         0  defsig_fpe_inner.o ABSOLUTE
    ../clib/signal.c                         0x00000000   Number         0  defsig_fpe_outer.o ABSOLUTE
    ../clib/signal.c                         0x00000000   Number         0  defsig_cppl_inner.o ABSOLUTE
    ../clib/signal.c                         0x00000000   Number         0  defsig_segv_inner.o ABSOLUTE
    ../clib/signal.c                         0x00000000   Number         0  defsig_rtmem_formal.o ABSOLUTE
    ../clib/signal.c                         0x00000000   Number         0  defsig_other.o ABSOLUTE
    ../clib/signal.c                         0x00000000   Number         0  defsig_abrt_inner.o ABSOLUTE
    ../clib/signal.c                         0x00000000   Number         0  defsig_fpe_formal.o ABSOLUTE
    ../clib/signal.c                         0x00000000   Number         0  defsig_general.o ABSOLUTE
    ../clib/signal.c                         0x00000000   Number         0  defsig_rtred_inner.o ABSOLUTE
    ../clib/signal.s                         0x00000000   Number         0  defsig.o ABSOLUTE
    ../clib/stdlib.c                         0x00000000   Number         0  exit.o ABSOLUTE
    ../clib/string.c                         0x00000000   Number         0  strlen.o ABSOLUTE
    ../clib/string.c                         0x00000000   Number         0  strcmp.o ABSOLUTE
    ../clib/string.c                         0x00000000   Number         0  strcat.o ABSOLUTE
    ../fplib/cfplib/cmpret.c                 0x00000000   Number         0  cmpret.o ABSOLUTE
    ../fplib/cfplib/f2d.c                    0x00000000   Number         0  f2d.o ABSOLUTE
    ../fplib/cfplib/fcmpin.c                 0x00000000   Number         0  fcmpin.o ABSOLUTE
    ../fplib/cfplib/fdiv.c                   0x00000000   Number         0  fdiv.o ABSOLUTE
    ../fplib/cfplib/fflt.c                   0x00000000   Number         0  fflti.o ABSOLUTE
    ../fplib/cfplib/fpinit.c                 0x00000000   Number         0  fpinit.o ABSOLUTE
    ../fplib/cfplib/ieee_status.c            0x00000000   Number         0  ieee_status.o ABSOLUTE
    ../fplib/cfplib/nan2.c                   0x00000000   Number         0  fnan2.o ABSOLUTE
    ../fplib/cfplib/retnan.c                 0x00000000   Number         0  retnan.o ABSOLUTE
    ../fplib/fmul6m.s                        0x00000000   Number         0  fmul.o ABSOLUTE
    ../fplib/frleqf6m.s                      0x00000000   Number         0  frlef.o ABSOLUTE
    ../fplib/printf1.s                       0x00000000   Number         0  printf1.o ABSOLUTE
    ../fplib/usenofp.s                       0x00000000   Number         0  usenofp.o ABSOLUTE
    ../mathlib/fpclassify.c                  0x00000000   Number         0  fpclassify.o ABSOLUTE
    ..\Core\Src\adc.c                        0x00000000   Number         0  adc.o ABSOLUTE
    ..\Core\Src\gpio.c                       0x00000000   Number         0  gpio.o ABSOLUTE
    ..\Core\Src\leds.c                       0x00000000   Number         0  leds.o ABSOLUTE
    ..\Core\Src\main.c                       0x00000000   Number         0  main.o ABSOLUTE
    ..\Core\Src\spi.c                        0x00000000   Number         0  spi.o ABSOLUTE
    ..\Core\Src\stm32g0xx_hal_msp.c          0x00000000   Number         0  stm32g0xx_hal_msp.o ABSOLUTE
    ..\Core\Src\stm32g0xx_it.c               0x00000000   Number         0  stm32g0xx_it.o ABSOLUTE
    ..\Core\Src\system_stm32g0xx.c           0x00000000   Number         0  system_stm32g0xx.o ABSOLUTE
    ..\Core\Src\tim.c                        0x00000000   Number         0  tim.o ABSOLUTE
    ..\Core\Src\usart.c                      0x00000000   Number         0  usart.o ABSOLUTE
    ..\Drivers\STM32G0xx_HAL_Driver\Src\stm32g0xx_hal.c 0x00000000   Number         0  stm32g0xx_hal.o ABSOLUTE
    ..\Drivers\STM32G0xx_HAL_Driver\Src\stm32g0xx_hal_adc.c 0x00000000   Number         0  stm32g0xx_hal_adc.o ABSOLUTE
    ..\Drivers\STM32G0xx_HAL_Driver\Src\stm32g0xx_hal_adc_ex.c 0x00000000   Number         0  stm32g0xx_hal_adc_ex.o ABSOLUTE
    ..\Drivers\STM32G0xx_HAL_Driver\Src\stm32g0xx_hal_cortex.c 0x00000000   Number         0  stm32g0xx_hal_cortex.o ABSOLUTE
    ..\Drivers\STM32G0xx_HAL_Driver\Src\stm32g0xx_hal_dma.c 0x00000000   Number         0  stm32g0xx_hal_dma.o ABSOLUTE
    ..\Drivers\STM32G0xx_HAL_Driver\Src\stm32g0xx_hal_dma_ex.c 0x00000000   Number         0  stm32g0xx_hal_dma_ex.o ABSOLUTE
    ..\Drivers\STM32G0xx_HAL_Driver\Src\stm32g0xx_hal_exti.c 0x00000000   Number         0  stm32g0xx_hal_exti.o ABSOLUTE
    ..\Drivers\STM32G0xx_HAL_Driver\Src\stm32g0xx_hal_flash.c 0x00000000   Number         0  stm32g0xx_hal_flash.o ABSOLUTE
    ..\Drivers\STM32G0xx_HAL_Driver\Src\stm32g0xx_hal_flash_ex.c 0x00000000   Number         0  stm32g0xx_hal_flash_ex.o ABSOLUTE
    ..\Drivers\STM32G0xx_HAL_Driver\Src\stm32g0xx_hal_gpio.c 0x00000000   Number         0  stm32g0xx_hal_gpio.o ABSOLUTE
    ..\Drivers\STM32G0xx_HAL_Driver\Src\stm32g0xx_hal_pwr.c 0x00000000   Number         0  stm32g0xx_hal_pwr.o ABSOLUTE
    ..\Drivers\STM32G0xx_HAL_Driver\Src\stm32g0xx_hal_pwr_ex.c 0x00000000   Number         0  stm32g0xx_hal_pwr_ex.o ABSOLUTE
    ..\Drivers\STM32G0xx_HAL_Driver\Src\stm32g0xx_hal_rcc.c 0x00000000   Number         0  stm32g0xx_hal_rcc.o ABSOLUTE
    ..\Drivers\STM32G0xx_HAL_Driver\Src\stm32g0xx_hal_rcc_ex.c 0x00000000   Number         0  stm32g0xx_hal_rcc_ex.o ABSOLUTE
    ..\Drivers\STM32G0xx_HAL_Driver\Src\stm32g0xx_hal_spi.c 0x00000000   Number         0  stm32g0xx_hal_spi.o ABSOLUTE
    ..\Drivers\STM32G0xx_HAL_Driver\Src\stm32g0xx_hal_spi_ex.c 0x00000000   Number         0  stm32g0xx_hal_spi_ex.o ABSOLUTE
    ..\Drivers\STM32G0xx_HAL_Driver\Src\stm32g0xx_hal_tim.c 0x00000000   Number         0  stm32g0xx_hal_tim.o ABSOLUTE
    ..\Drivers\STM32G0xx_HAL_Driver\Src\stm32g0xx_hal_tim_ex.c 0x00000000   Number         0  stm32g0xx_hal_tim_ex.o ABSOLUTE
    ..\Drivers\STM32G0xx_HAL_Driver\Src\stm32g0xx_hal_uart.c 0x00000000   Number         0  stm32g0xx_hal_uart.o ABSOLUTE
    ..\Drivers\STM32G0xx_HAL_Driver\Src\stm32g0xx_hal_uart_ex.c 0x00000000   Number         0  stm32g0xx_hal_uart_ex.o ABSOLUTE
    ..\\Core\\Src\\leds.c                    0x00000000   Number         0  leds.o ABSOLUTE
    dc.s                                     0x00000000   Number         0  dc.o ABSOLUTE
    startup_stm32g031xx.s                    0x00000000   Number         0  startup_stm32g031xx.o ABSOLUTE
    work\\my_adc.c                           0x00000000   Number         0  my_adc.o ABSOLUTE
    work\my_adc.c                            0x00000000   Number         0  my_adc.o ABSOLUTE
    RESET                                    0x08000000   Section      192  startup_stm32g031xx.o(RESET)
    !!!main                                  0x080000c0   Section        8  __main.o(!!!main)
    !!!scatter                               0x080000c8   Section       60  __scatter.o(!!!scatter)
    !!handler_copy                           0x08000104   Section       26  __scatter_copy.o(!!handler_copy)
    !!handler_zi                             0x08000120   Section       28  __scatter_zi.o(!!handler_zi)
    .ARM.Collect$$_printf_percent$$00000000  0x0800013c   Section        2  _printf_percent.o(.ARM.Collect$$_printf_percent$$00000000)
    .ARM.Collect$$_printf_percent$$00000003  0x0800013e   Section       10  _printf_f.o(.ARM.Collect$$_printf_percent$$00000003)
    .ARM.Collect$$_printf_percent$$00000009  0x08000148   Section       10  _printf_d.o(.ARM.Collect$$_printf_percent$$00000009)
    .ARM.Collect$$_printf_percent$$00000017  0x08000152   Section        4  _printf_percent_end.o(.ARM.Collect$$_printf_percent$$00000017)
    .ARM.Collect$$libinit$$00000000          0x08000156   Section        2  libinit.o(.ARM.Collect$$libinit$$00000000)
    .ARM.Collect$$libinit$$00000002          0x08000158   Section        0  libinit2.o(.ARM.Collect$$libinit$$00000002)
    .ARM.Collect$$libinit$$00000004          0x08000158   Section        0  libinit2.o(.ARM.Collect$$libinit$$00000004)
    .ARM.Collect$$libinit$$0000000A          0x08000158   Section        0  libinit2.o(.ARM.Collect$$libinit$$0000000A)
    .ARM.Collect$$libinit$$0000000C          0x08000158   Section        0  libinit2.o(.ARM.Collect$$libinit$$0000000C)
    .ARM.Collect$$libinit$$0000000E          0x08000158   Section        0  libinit2.o(.ARM.Collect$$libinit$$0000000E)
    .ARM.Collect$$libinit$$0000000F          0x08000158   Section        6  libinit2.o(.ARM.Collect$$libinit$$0000000F)
    .ARM.Collect$$libinit$$00000011          0x0800015e   Section        0  libinit2.o(.ARM.Collect$$libinit$$00000011)
    .ARM.Collect$$libinit$$00000013          0x0800015e   Section        0  libinit2.o(.ARM.Collect$$libinit$$00000013)
    .ARM.Collect$$libinit$$00000015          0x0800015e   Section        0  libinit2.o(.ARM.Collect$$libinit$$00000015)
    .ARM.Collect$$libinit$$00000016          0x0800015e   Section       10  libinit2.o(.ARM.Collect$$libinit$$00000016)
    .ARM.Collect$$libinit$$00000017          0x08000168   Section        0  libinit2.o(.ARM.Collect$$libinit$$00000017)
    .ARM.Collect$$libinit$$00000019          0x08000168   Section        0  libinit2.o(.ARM.Collect$$libinit$$00000019)
    .ARM.Collect$$libinit$$0000001B          0x08000168   Section        0  libinit2.o(.ARM.Collect$$libinit$$0000001B)
    .ARM.Collect$$libinit$$0000001D          0x08000168   Section        0  libinit2.o(.ARM.Collect$$libinit$$0000001D)
    .ARM.Collect$$libinit$$0000001F          0x08000168   Section        0  libinit2.o(.ARM.Collect$$libinit$$0000001F)
    .ARM.Collect$$libinit$$00000021          0x08000168   Section        0  libinit2.o(.ARM.Collect$$libinit$$00000021)
    .ARM.Collect$$libinit$$00000023          0x08000168   Section        0  libinit2.o(.ARM.Collect$$libinit$$00000023)
    .ARM.Collect$$libinit$$00000025          0x08000168   Section        0  libinit2.o(.ARM.Collect$$libinit$$00000025)
    .ARM.Collect$$libinit$$0000002C          0x08000168   Section        0  libinit2.o(.ARM.Collect$$libinit$$0000002C)
    .ARM.Collect$$libinit$$0000002E          0x08000168   Section        0  libinit2.o(.ARM.Collect$$libinit$$0000002E)
    .ARM.Collect$$libinit$$00000030          0x08000168   Section        0  libinit2.o(.ARM.Collect$$libinit$$00000030)
    .ARM.Collect$$libinit$$00000032          0x08000168   Section        0  libinit2.o(.ARM.Collect$$libinit$$00000032)
    .ARM.Collect$$libinit$$00000033          0x08000168   Section        2  libinit2.o(.ARM.Collect$$libinit$$00000033)
    .ARM.Collect$$libshutdown$$00000000      0x0800016a   Section        2  libshutdown.o(.ARM.Collect$$libshutdown$$00000000)
    .ARM.Collect$$libshutdown$$00000002      0x0800016c   Section        0  libshutdown2.o(.ARM.Collect$$libshutdown$$00000002)
    .ARM.Collect$$libshutdown$$00000004      0x0800016c   Section        0  libshutdown2.o(.ARM.Collect$$libshutdown$$00000004)
    .ARM.Collect$$libshutdown$$00000006      0x0800016c   Section        0  libshutdown2.o(.ARM.Collect$$libshutdown$$00000006)
    .ARM.Collect$$libshutdown$$00000009      0x0800016c   Section        0  libshutdown2.o(.ARM.Collect$$libshutdown$$00000009)
    .ARM.Collect$$libshutdown$$0000000C      0x0800016c   Section        0  libshutdown2.o(.ARM.Collect$$libshutdown$$0000000C)
    .ARM.Collect$$libshutdown$$0000000E      0x0800016c   Section        0  libshutdown2.o(.ARM.Collect$$libshutdown$$0000000E)
    .ARM.Collect$$libshutdown$$00000011      0x0800016c   Section        0  libshutdown2.o(.ARM.Collect$$libshutdown$$00000011)
    .ARM.Collect$$libshutdown$$00000012      0x0800016c   Section        2  libshutdown2.o(.ARM.Collect$$libshutdown$$00000012)
    .ARM.Collect$$rtentry$$00000000          0x0800016e   Section        0  __rtentry.o(.ARM.Collect$$rtentry$$00000000)
    .ARM.Collect$$rtentry$$00000002          0x0800016e   Section        0  __rtentry2.o(.ARM.Collect$$rtentry$$00000002)
    .ARM.Collect$$rtentry$$00000004          0x0800016e   Section        6  __rtentry4.o(.ARM.Collect$$rtentry$$00000004)
    .ARM.Collect$$rtentry$$00000009          0x08000174   Section        0  __rtentry2.o(.ARM.Collect$$rtentry$$00000009)
    .ARM.Collect$$rtentry$$0000000A          0x08000174   Section        4  __rtentry2.o(.ARM.Collect$$rtentry$$0000000A)
    .ARM.Collect$$rtentry$$0000000C          0x08000178   Section        0  __rtentry2.o(.ARM.Collect$$rtentry$$0000000C)
    .ARM.Collect$$rtentry$$0000000D          0x08000178   Section        8  __rtentry2.o(.ARM.Collect$$rtentry$$0000000D)
    .ARM.Collect$$rtexit$$00000000           0x08000180   Section        2  rtexit.o(.ARM.Collect$$rtexit$$00000000)
    .ARM.Collect$$rtexit$$00000002           0x08000182   Section        0  rtexit2.o(.ARM.Collect$$rtexit$$00000002)
    .ARM.Collect$$rtexit$$00000003           0x08000182   Section        4  rtexit2.o(.ARM.Collect$$rtexit$$00000003)
    .ARM.Collect$$rtexit$$00000004           0x08000186   Section        6  rtexit2.o(.ARM.Collect$$rtexit$$00000004)
    .text                                    0x0800018c   Section       56  startup_stm32g031xx.o(.text)
    .text                                    0x080001c4   Section        0  lludiv.o(.text)
    .text                                    0x080002c8   Section        0  noretval__2sprintf.o(.text)
    .text                                    0x080002f0   Section        0  _printf_dec.o(.text)
    .text                                    0x0800035c   Section        0  __printf_wp.o(.text)
    .text                                    0x0800046c   Section        0  strlen.o(.text)
    .text                                    0x080004b0   Section        0  strcat.o(.text)
    .text                                    0x080004c8   Section        0  rt_memclr.o(.text)
    .text                                    0x08000508   Section      346  aeabi_sdiv.o(.text)
    .text                                    0x08000662   Section        0  heapauxi.o(.text)
    .text                                    0x08000668   Section        0  f2d.o(.text)
    .text                                    0x080006bc   Section        0  fdiv.o(.text)
    .text                                    0x0800081c   Section        0  fflti.o(.text)
    .text                                    0x0800087a   Section        0  _printf_intcommon.o(.text)
    .text                                    0x0800092c   Section        0  _printf_fp_dec.o(.text)
    _fp_digits                               0x0800092f   Thumb Code   412  _printf_fp_dec.o(.text)
    .text                                    0x08000d44   Section        0  _printf_char_common.o(.text)
    _printf_input_char                       0x08000d45   Thumb Code    10  _printf_char_common.o(.text)
    .text                                    0x08000d74   Section        0  _sputc.o(.text)
    .text                                    0x08000d7e   Section        0  rtudiv10.o(.text)
    .text                                    0x08000da8   Section        0  fcmpin.o(.text)
    .text                                    0x08000e0c   Section        8  rt_locale_intlibspace.o(.text)
    .text                                    0x08000e14   Section        0  lludiv10.o(.text)
    .text                                    0x08000e90   Section        0  _printf_fp_infnan.o(.text)
    .text                                    0x08000f18   Section        0  bigflt0.o(.text)
    .text                                    0x08000ff0   Section        0  btod.o(.text)
    btod_internal_mul                        0x08001031   Thumb Code   492  btod.o(.text)
    btod_internal_div                        0x0800121d   Thumb Code   520  btod.o(.text)
    .text                                    0x08001570   Section        0  cmpret.o(.text)
    .text                                    0x080015a0   Section        0  fnan2.o(.text)
    .text                                    0x080015b0   Section        8  libspace.o(.text)
    .text                                    0x080015b8   Section       62  sys_stackheap_outer.o(.text)
    .text                                    0x080015f6   Section        0  exit.o(.text)
    .text                                    0x08001608   Section        0  strcmp.o(.text)
    .text                                    0x08001690   Section        0  retnan.o(.text)
    .text                                    0x080016f0   Section        0  sys_exit.o(.text)
    .text                                    0x080016fc   Section        2  use_no_semi.o(.text)
    .text                                    0x080016fe   Section        0  indicate_semi.o(.text)
    i.ADC_Enable                             0x08001700   Section        0  stm32g0xx_hal_adc.o(i.ADC_Enable)
    i.Error_Handler                          0x080017b4   Section        0  main.o(i.Error_Handler)
    i.HAL_ADC_ConfigChannel                  0x080017b8   Section        0  stm32g0xx_hal_adc.o(i.HAL_ADC_ConfigChannel)
    i.HAL_ADC_GetValue                       0x080019dc   Section        0  stm32g0xx_hal_adc.o(i.HAL_ADC_GetValue)
    i.HAL_ADC_Init                           0x080019e4   Section        0  stm32g0xx_hal_adc.o(i.HAL_ADC_Init)
    i.HAL_ADC_MspInit                        0x08001c04   Section        0  adc.o(i.HAL_ADC_MspInit)
    i.HAL_ADC_PollForConversion              0x08001c60   Section        0  stm32g0xx_hal_adc.o(i.HAL_ADC_PollForConversion)
    i.HAL_ADC_Start                          0x08001d24   Section        0  stm32g0xx_hal_adc.o(i.HAL_ADC_Start)
    i.HAL_GPIO_Init                          0x08001d8c   Section        0  stm32g0xx_hal_gpio.o(i.HAL_GPIO_Init)
    i.HAL_GPIO_WritePin                      0x08001ee8   Section        0  stm32g0xx_hal_gpio.o(i.HAL_GPIO_WritePin)
    i.HAL_GetTick                            0x08001ef4   Section        0  stm32g0xx_hal.o(i.HAL_GetTick)
    i.HAL_IncTick                            0x08001f00   Section        0  stm32g0xx_hal.o(i.HAL_IncTick)
    i.HAL_Init                               0x08001f10   Section        0  stm32g0xx_hal.o(i.HAL_Init)
    i.HAL_InitTick                           0x08001f38   Section        0  stm32g0xx_hal.o(i.HAL_InitTick)
    i.HAL_MspInit                            0x08001f80   Section        0  stm32g0xx_hal_msp.o(i.HAL_MspInit)
    i.HAL_NVIC_SetPriority                   0x08001fac   Section        0  stm32g0xx_hal_cortex.o(i.HAL_NVIC_SetPriority)
    i.HAL_PWREx_ControlVoltageScaling        0x08001fb4   Section        0  stm32g0xx_hal_pwr_ex.o(i.HAL_PWREx_ControlVoltageScaling)
    i.HAL_RCC_ClockConfig                    0x08002000   Section        0  stm32g0xx_hal_rcc.o(i.HAL_RCC_ClockConfig)
    i.HAL_RCC_GetPCLK1Freq                   0x08002158   Section        0  stm32g0xx_hal_rcc.o(i.HAL_RCC_GetPCLK1Freq)
    i.HAL_RCC_GetSysClockFreq                0x08002180   Section        0  stm32g0xx_hal_rcc.o(i.HAL_RCC_GetSysClockFreq)
    i.HAL_RCC_OscConfig                      0x0800220c   Section        0  stm32g0xx_hal_rcc.o(i.HAL_RCC_OscConfig)
    i.HAL_SPI_Init                           0x080025f4   Section        0  stm32g0xx_hal_spi.o(i.HAL_SPI_Init)
    i.HAL_SPI_MspInit                        0x080026e4   Section        0  spi.o(i.HAL_SPI_MspInit)
    i.HAL_SYSTICK_Config                     0x08002768   Section        0  stm32g0xx_hal_cortex.o(i.HAL_SYSTICK_Config)
    i.HAL_TIMEx_MasterConfigSynchronization  0x08002798   Section        0  stm32g0xx_hal_tim_ex.o(i.HAL_TIMEx_MasterConfigSynchronization)
    i.HAL_TIM_Base_Init                      0x08002804   Section        0  stm32g0xx_hal_tim.o(i.HAL_TIM_Base_Init)
    i.HAL_TIM_Base_MspInit                   0x08002850   Section        0  tim.o(i.HAL_TIM_Base_MspInit)
    i.HAL_TIM_Base_Start                     0x08002874   Section        0  stm32g0xx_hal_tim.o(i.HAL_TIM_Base_Start)
    i.HAL_TIM_ConfigClockSource              0x080028c4   Section        0  stm32g0xx_hal_tim.o(i.HAL_TIM_ConfigClockSource)
    i.HAL_UART_Init                          0x080029a4   Section        0  stm32g0xx_hal_uart.o(i.HAL_UART_Init)
    i.HAL_UART_MspInit                       0x08002a10   Section        0  usart.o(i.HAL_UART_MspInit)
    i.HAL_UART_Transmit                      0x08002a6c   Section        0  stm32g0xx_hal_uart.o(i.HAL_UART_Transmit)
    i.HardFault_Handler                      0x08002b36   Section        0  stm32g0xx_it.o(i.HardFault_Handler)
    i.LL_ADC_IsEnabled                       0x08002b38   Section        0  stm32g0xx_hal_adc.o(i.LL_ADC_IsEnabled)
    LL_ADC_IsEnabled                         0x08002b39   Thumb Code     8  stm32g0xx_hal_adc.o(i.LL_ADC_IsEnabled)
    i.LL_ADC_REG_IsConversionOngoing         0x08002b40   Section        0  stm32g0xx_hal_adc.o(i.LL_ADC_REG_IsConversionOngoing)
    LL_ADC_REG_IsConversionOngoing           0x08002b41   Thumb Code     8  stm32g0xx_hal_adc.o(i.LL_ADC_REG_IsConversionOngoing)
    i.LL_ADC_REG_IsTriggerSourceSWStart      0x08002b48   Section        0  stm32g0xx_hal_adc.o(i.LL_ADC_REG_IsTriggerSourceSWStart)
    LL_ADC_REG_IsTriggerSourceSWStart        0x08002b49   Thumb Code    16  stm32g0xx_hal_adc.o(i.LL_ADC_REG_IsTriggerSourceSWStart)
    i.LL_ADC_SetCommonPathInternalCh         0x08002b58   Section        0  stm32g0xx_hal_adc.o(i.LL_ADC_SetCommonPathInternalCh)
    LL_ADC_SetCommonPathInternalCh           0x08002b59   Thumb Code    14  stm32g0xx_hal_adc.o(i.LL_ADC_SetCommonPathInternalCh)
    i.LL_ADC_SetSamplingTimeCommonChannels   0x08002b66   Section        0  stm32g0xx_hal_adc.o(i.LL_ADC_SetSamplingTimeCommonChannels)
    LL_ADC_SetSamplingTimeCommonChannels     0x08002b67   Thumb Code    22  stm32g0xx_hal_adc.o(i.LL_ADC_SetSamplingTimeCommonChannels)
    i.MX_ADC1_Init                           0x08002b7c   Section        0  adc.o(i.MX_ADC1_Init)
    i.MX_GPIO_Init                           0x08002bec   Section        0  gpio.o(i.MX_GPIO_Init)
    i.MX_SPI1_Init                           0x08002c74   Section        0  spi.o(i.MX_SPI1_Init)
    i.MX_TIM3_Init                           0x08002cb8   Section        0  tim.o(i.MX_TIM3_Init)
    i.MX_USART2_UART_Init                    0x08002d28   Section        0  usart.o(i.MX_USART2_UART_Init)
    i.NMI_Handler                            0x08002d64   Section        0  stm32g0xx_it.o(i.NMI_Handler)
    i.PendSV_Handler                         0x08002d66   Section        0  stm32g0xx_it.o(i.PendSV_Handler)
    i.SVC_Handler                            0x08002d68   Section        0  stm32g0xx_it.o(i.SVC_Handler)
    i.SysTick_Handler                        0x08002d6a   Section        0  stm32g0xx_it.o(i.SysTick_Handler)
    i.SystemClock_Config                     0x08002d72   Section        0  main.o(i.SystemClock_Config)
    i.SystemInit                             0x08002dcc   Section        0  system_stm32g0xx.o(i.SystemInit)
    i.TIM_Base_SetConfig                     0x08002dd0   Section        0  stm32g0xx_hal_tim.o(i.TIM_Base_SetConfig)
    i.TIM_ETR_SetConfig                      0x08002e54   Section        0  stm32g0xx_hal_tim.o(i.TIM_ETR_SetConfig)
    i.TIM_ITRx_SetConfig                     0x08002e6c   Section        0  stm32g0xx_hal_tim.o(i.TIM_ITRx_SetConfig)
    TIM_ITRx_SetConfig                       0x08002e6d   Thumb Code    16  stm32g0xx_hal_tim.o(i.TIM_ITRx_SetConfig)
    i.TIM_TI1_ConfigInputStage               0x08002e80   Section        0  stm32g0xx_hal_tim.o(i.TIM_TI1_ConfigInputStage)
    TIM_TI1_ConfigInputStage                 0x08002e81   Thumb Code    34  stm32g0xx_hal_tim.o(i.TIM_TI1_ConfigInputStage)
    i.TIM_TI2_ConfigInputStage               0x08002ea2   Section        0  stm32g0xx_hal_tim.o(i.TIM_TI2_ConfigInputStage)
    TIM_TI2_ConfigInputStage                 0x08002ea3   Thumb Code    38  stm32g0xx_hal_tim.o(i.TIM_TI2_ConfigInputStage)
    i.UART_AdvFeatureConfig                  0x08002ec8   Section        0  stm32g0xx_hal_uart.o(i.UART_AdvFeatureConfig)
    i.UART_CheckIdleState                    0x08002f94   Section        0  stm32g0xx_hal_uart.o(i.UART_CheckIdleState)
    i.UART_SetConfig                         0x08002ff8   Section        0  stm32g0xx_hal_uart.o(i.UART_SetConfig)
    i.UART_WaitOnFlagUntilTimeout            0x08003204   Section        0  stm32g0xx_hal_uart.o(i.UART_WaitOnFlagUntilTimeout)
    i.__ARM_common_ll_muluu                  0x080032d6   Section        0  btod.o(i.__ARM_common_ll_muluu)
    i.__ARM_common_switch8                   0x08003306   Section        0  leds.o(i.__ARM_common_switch8)
    i.__ARM_fpclassify                       0x08003320   Section        0  fpclassify.o(i.__ARM_fpclassify)
    i.__NVIC_SetPriority                     0x0800334c   Section        0  stm32g0xx_hal_cortex.o(i.__NVIC_SetPriority)
    __NVIC_SetPriority                       0x0800334d   Thumb Code    60  stm32g0xx_hal_cortex.o(i.__NVIC_SetPriority)
    i._is_digit                              0x08003390   Section        0  __printf_wp.o(i._is_digit)
    i.choose_mux                             0x080033a0   Section        0  my_adc.o(i.choose_mux)
    i.choose_mux_channel                     0x080033f4   Section        0  my_adc.o(i.choose_mux_channel)
    i.delay_us                               0x08003430   Section        0  my_adc.o(i.delay_us)
    i.led_all_off                            0x08003448   Section        0  leds.o(i.led_all_off)
    i.led_on                                 0x080034e4   Section        0  leds.o(i.led_on)
    i.led_set_balancing                      0x0800355c   Section        0  leds.o(i.led_set_balancing)
    i.main                                   0x08003590   Section        0  main.o(i.main)
    i.read_all_batteries                     0x080035d0   Section        0  my_adc.o(i.read_all_batteries)
    i.read_voltage_adc1                      0x0800368c   Section        0  my_adc.o(i.read_voltage_adc1)
    locale$$code                             0x080036d0   Section       44  lc_numeric_c.o(locale$$code)
    x$fpl$fmul                               0x080036fc   Section      176  fmul.o(x$fpl$fmul)
    x$fpl$frleqf                             0x080037ac   Section       88  frlef.o(x$fpl$frleqf)
    x$fpl$printf1                            0x08003804   Section       16  printf1.o(x$fpl$printf1)
    .constdata                               0x08003814   Section       24  stm32g0xx_hal_uart.o(.constdata)
    x$fpl$usenofp                            0x08003814   Section        0  usenofp.o(x$fpl$usenofp)
    .constdata                               0x0800382c   Section       64  system_stm32g0xx.o(.constdata)
    .constdata                               0x0800386c   Section       32  system_stm32g0xx.o(.constdata)
    .constdata                               0x0800388c   Section       64  fdiv.o(.constdata)
    fdiv_tab                                 0x0800388c   Data          64  fdiv.o(.constdata)
    .constdata                               0x080038cc   Section      148  bigflt0.o(.constdata)
    tenpwrs_x                                0x080038cc   Data          60  bigflt0.o(.constdata)
    tenpwrs_i                                0x08003908   Data          64  bigflt0.o(.constdata)
    locale$$data                             0x08003980   Section       28  lc_numeric_c.o(locale$$data)
    __lcnum_c_name                           0x08003984   Data           2  lc_numeric_c.o(locale$$data)
    __lcnum_c_start                          0x0800398c   Data           0  lc_numeric_c.o(locale$$data)
    __lcnum_c_point                          0x08003998   Data           0  lc_numeric_c.o(locale$$data)
    __lcnum_c_thousands                      0x0800399a   Data           0  lc_numeric_c.o(locale$$data)
    __lcnum_c_grouping                       0x0800399b   Data           0  lc_numeric_c.o(locale$$data)
    __lcnum_c_end                            0x0800399c   Data           0  lc_numeric_c.o(locale$$data)
    .data                                    0x20000000   Section       12  stm32g0xx_hal.o(.data)
    .data                                    0x2000000c   Section        4  system_stm32g0xx.o(.data)
    .bss                                     0x20000010   Section      222  my_adc.o(.bss)
    message                                  0x20000044   Data         150  my_adc.o(.bss)
    temp                                     0x200000da   Data          20  my_adc.o(.bss)
    .bss                                     0x200000f0   Section      100  adc.o(.bss)
    .bss                                     0x20000154   Section      100  spi.o(.bss)
    .bss                                     0x200001b8   Section       76  tim.o(.bss)
    .bss                                     0x20000204   Section      148  usart.o(.bss)
    .bss                                     0x20000298   Section       96  libspace.o(.bss)
    HEAP                                     0x200002f8   Section      512  startup_stm32g031xx.o(HEAP)
    Heap_Mem                                 0x200002f8   Data         512  startup_stm32g031xx.o(HEAP)
    STACK                                    0x200004f8   Section     1024  startup_stm32g031xx.o(STACK)
    Stack_Mem                                0x200004f8   Data        1024  startup_stm32g031xx.o(STACK)
    __initial_sp                             0x200008f8   Data           0  startup_stm32g031xx.o(STACK)

    Global Symbols

    Symbol Name                              Value     Ov Type        Size  Object(Section)

    BuildAttributes$$THM_ISAv3M$S$PE$A:L22$X:L11$S22$IEEE1$IW$USESV6$~STKCKD$USESV7$~SHL$OTIME$ROPI$IEEEJ$EBA8$UX$STANDARDLIB$REQ8$PRES8$EABIv2 0x00000000   Number         0  anon$$obj.o ABSOLUTE
    __ARM_use_no_argv                        0x00000000   Number         0  main.o ABSOLUTE
    _printf_flags                            0x00000000   Number         0  printf_stubs.o ABSOLUTE
    _printf_return_value                     0x00000000   Number         0  printf_stubs.o ABSOLUTE
    _printf_sizespec                         0x00000000   Number         0  printf_stubs.o ABSOLUTE
    _printf_widthprec                        0x00000000   Number         0  printf_stubs.o ABSOLUTE
    __ARM_exceptions_init                     - Undefined Weak Reference
    __alloca_initialize                       - Undefined Weak Reference
    __arm_fini_                               - Undefined Weak Reference
    __arm_preinit_                            - Undefined Weak Reference
    __cpp_initialize__aeabi_                  - Undefined Weak Reference
    __cxa_finalize                            - Undefined Weak Reference
    __sigvec_lookup                           - Undefined Weak Reference
    _atexit_init                              - Undefined Weak Reference
    _call_atexit_fns                          - Undefined Weak Reference
    _clock_init                               - Undefined Weak Reference
    _fp_trap_init                             - Undefined Weak Reference
    _fp_trap_shutdown                         - Undefined Weak Reference
    _get_lc_collate                           - Undefined Weak Reference
    _get_lc_ctype                             - Undefined Weak Reference
    _get_lc_monetary                          - Undefined Weak Reference
    _get_lc_time                              - Undefined Weak Reference
    _getenv_init                              - Undefined Weak Reference
    _handle_redirection                       - Undefined Weak Reference
    _init_alloc                               - Undefined Weak Reference
    _init_user_alloc                          - Undefined Weak Reference
    _initio                                   - Undefined Weak Reference
    _printf_post_padding                      - Undefined Weak Reference
    _printf_pre_padding                       - Undefined Weak Reference
    _printf_truncate_signed                   - Undefined Weak Reference
    _printf_truncate_unsigned                 - Undefined Weak Reference
    _rand_init                                - Undefined Weak Reference
    _signal_finish                            - Undefined Weak Reference
    _signal_init                              - Undefined Weak Reference
    _terminate_alloc                          - Undefined Weak Reference
    _terminate_user_alloc                     - Undefined Weak Reference
    _terminateio                              - Undefined Weak Reference
    __Vectors_Size                           0x000000c0   Number         0  startup_stm32g031xx.o ABSOLUTE
    __Vectors                                0x08000000   Data           4  startup_stm32g031xx.o(RESET)
    __Vectors_End                            0x080000c0   Data           0  startup_stm32g031xx.o(RESET)
    __main                                   0x080000c1   Thumb Code     8  __main.o(!!!main)
    __scatterload                            0x080000c9   Thumb Code     0  __scatter.o(!!!scatter)
    __scatterload_rt2                        0x080000c9   Thumb Code    52  __scatter.o(!!!scatter)
    __scatterload_rt2_thumb_only             0x080000c9   Thumb Code     0  __scatter.o(!!!scatter)
    __scatterload_null                       0x080000d9   Thumb Code     0  __scatter.o(!!!scatter)
    __scatterload_copy                       0x08000105   Thumb Code    26  __scatter_copy.o(!!handler_copy)
    __scatterload_zeroinit                   0x08000121   Thumb Code    28  __scatter_zi.o(!!handler_zi)
    _printf_percent                          0x0800013d   Thumb Code     0  _printf_percent.o(.ARM.Collect$$_printf_percent$$00000000)
    _printf_f                                0x0800013f   Thumb Code     0  _printf_f.o(.ARM.Collect$$_printf_percent$$00000003)
    _printf_d                                0x08000149   Thumb Code     0  _printf_d.o(.ARM.Collect$$_printf_percent$$00000009)
    _printf_percent_end                      0x08000153   Thumb Code     0  _printf_percent_end.o(.ARM.Collect$$_printf_percent$$00000017)
    __rt_lib_init                            0x08000157   Thumb Code     0  libinit.o(.ARM.Collect$$libinit$$00000000)
    __rt_lib_init_fp_1                       0x08000159   Thumb Code     0  libinit2.o(.ARM.Collect$$libinit$$00000002)
    __rt_lib_init_heap_1                     0x08000159   Thumb Code     0  libinit2.o(.ARM.Collect$$libinit$$0000000A)
    __rt_lib_init_lc_common                  0x08000159   Thumb Code     0  libinit2.o(.ARM.Collect$$libinit$$0000000F)
    __rt_lib_init_preinit_1                  0x08000159   Thumb Code     0  libinit2.o(.ARM.Collect$$libinit$$00000004)
    __rt_lib_init_rand_1                     0x08000159   Thumb Code     0  libinit2.o(.ARM.Collect$$libinit$$0000000E)
    __rt_lib_init_user_alloc_1               0x08000159   Thumb Code     0  libinit2.o(.ARM.Collect$$libinit$$0000000C)
    __rt_lib_init_lc_collate_1               0x0800015f   Thumb Code     0  libinit2.o(.ARM.Collect$$libinit$$00000011)
    __rt_lib_init_lc_ctype_1                 0x0800015f   Thumb Code     0  libinit2.o(.ARM.Collect$$libinit$$00000013)
    __rt_lib_init_lc_monetary_1              0x0800015f   Thumb Code     0  libinit2.o(.ARM.Collect$$libinit$$00000015)
    __rt_lib_init_lc_numeric_2               0x0800015f   Thumb Code     0  libinit2.o(.ARM.Collect$$libinit$$00000016)
    __rt_lib_init_alloca_1                   0x08000169   Thumb Code     0  libinit2.o(.ARM.Collect$$libinit$$0000002E)
    __rt_lib_init_argv_1                     0x08000169   Thumb Code     0  libinit2.o(.ARM.Collect$$libinit$$0000002C)
    __rt_lib_init_atexit_1                   0x08000169   Thumb Code     0  libinit2.o(.ARM.Collect$$libinit$$0000001B)
    __rt_lib_init_clock_1                    0x08000169   Thumb Code     0  libinit2.o(.ARM.Collect$$libinit$$00000021)
    __rt_lib_init_cpp_1                      0x08000169   Thumb Code     0  libinit2.o(.ARM.Collect$$libinit$$00000032)
    __rt_lib_init_exceptions_1               0x08000169   Thumb Code     0  libinit2.o(.ARM.Collect$$libinit$$00000030)
    __rt_lib_init_fp_trap_1                  0x08000169   Thumb Code     0  libinit2.o(.ARM.Collect$$libinit$$0000001F)
    __rt_lib_init_getenv_1                   0x08000169   Thumb Code     0  libinit2.o(.ARM.Collect$$libinit$$00000023)
    __rt_lib_init_lc_numeric_1               0x08000169   Thumb Code     0  libinit2.o(.ARM.Collect$$libinit$$00000017)
    __rt_lib_init_lc_time_1                  0x08000169   Thumb Code     0  libinit2.o(.ARM.Collect$$libinit$$00000019)
    __rt_lib_init_return                     0x08000169   Thumb Code     0  libinit2.o(.ARM.Collect$$libinit$$00000033)
    __rt_lib_init_signal_1                   0x08000169   Thumb Code     0  libinit2.o(.ARM.Collect$$libinit$$0000001D)
    __rt_lib_init_stdio_1                    0x08000169   Thumb Code     0  libinit2.o(.ARM.Collect$$libinit$$00000025)
    __rt_lib_shutdown                        0x0800016b   Thumb Code     0  libshutdown.o(.ARM.Collect$$libshutdown$$00000000)
    __rt_lib_shutdown_cpp_1                  0x0800016d   Thumb Code     0  libshutdown2.o(.ARM.Collect$$libshutdown$$00000004)
    __rt_lib_shutdown_fini_1                 0x0800016d   Thumb Code     0  libshutdown2.o(.ARM.Collect$$libshutdown$$00000002)
    __rt_lib_shutdown_fp_trap_1              0x0800016d   Thumb Code     0  libshutdown2.o(.ARM.Collect$$libshutdown$$00000009)
    __rt_lib_shutdown_heap_1                 0x0800016d   Thumb Code     0  libshutdown2.o(.ARM.Collect$$libshutdown$$00000011)
    __rt_lib_shutdown_return                 0x0800016d   Thumb Code     0  libshutdown2.o(.ARM.Collect$$libshutdown$$00000012)
    __rt_lib_shutdown_signal_1               0x0800016d   Thumb Code     0  libshutdown2.o(.ARM.Collect$$libshutdown$$0000000C)
    __rt_lib_shutdown_stdio_1                0x0800016d   Thumb Code     0  libshutdown2.o(.ARM.Collect$$libshutdown$$00000006)
    __rt_lib_shutdown_user_alloc_1           0x0800016d   Thumb Code     0  libshutdown2.o(.ARM.Collect$$libshutdown$$0000000E)
    __rt_entry                               0x0800016f   Thumb Code     0  __rtentry.o(.ARM.Collect$$rtentry$$00000000)
    __rt_entry_presh_1                       0x0800016f   Thumb Code     0  __rtentry2.o(.ARM.Collect$$rtentry$$00000002)
    __rt_entry_sh                            0x0800016f   Thumb Code     0  __rtentry4.o(.ARM.Collect$$rtentry$$00000004)
    __rt_entry_li                            0x08000175   Thumb Code     0  __rtentry2.o(.ARM.Collect$$rtentry$$0000000A)
    __rt_entry_postsh_1                      0x08000175   Thumb Code     0  __rtentry2.o(.ARM.Collect$$rtentry$$00000009)
    __rt_entry_main                          0x08000179   Thumb Code     0  __rtentry2.o(.ARM.Collect$$rtentry$$0000000D)
    __rt_entry_postli_1                      0x08000179   Thumb Code     0  __rtentry2.o(.ARM.Collect$$rtentry$$0000000C)
    __rt_exit                                0x08000181   Thumb Code     0  rtexit.o(.ARM.Collect$$rtexit$$00000000)
    __rt_exit_ls                             0x08000183   Thumb Code     0  rtexit2.o(.ARM.Collect$$rtexit$$00000003)
    __rt_exit_prels_1                        0x08000183   Thumb Code     0  rtexit2.o(.ARM.Collect$$rtexit$$00000002)
    __rt_exit_exit                           0x08000187   Thumb Code     0  rtexit2.o(.ARM.Collect$$rtexit$$00000004)
    Reset_Handler                            0x0800018d   Thumb Code     8  startup_stm32g031xx.o(.text)
    ADC1_IRQHandler                          0x0800019f   Thumb Code     0  startup_stm32g031xx.o(.text)
    DMA1_Ch4_5_DMAMUX1_OVR_IRQHandler        0x0800019f   Thumb Code     0  startup_stm32g031xx.o(.text)
    DMA1_Channel1_IRQHandler                 0x0800019f   Thumb Code     0  startup_stm32g031xx.o(.text)
    DMA1_Channel2_3_IRQHandler               0x0800019f   Thumb Code     0  startup_stm32g031xx.o(.text)
    EXTI0_1_IRQHandler                       0x0800019f   Thumb Code     0  startup_stm32g031xx.o(.text)
    EXTI2_3_IRQHandler                       0x0800019f   Thumb Code     0  startup_stm32g031xx.o(.text)
    EXTI4_15_IRQHandler                      0x0800019f   Thumb Code     0  startup_stm32g031xx.o(.text)
    FLASH_IRQHandler                         0x0800019f   Thumb Code     0  startup_stm32g031xx.o(.text)
    I2C1_IRQHandler                          0x0800019f   Thumb Code     0  startup_stm32g031xx.o(.text)
    I2C2_IRQHandler                          0x0800019f   Thumb Code     0  startup_stm32g031xx.o(.text)
    LPTIM1_IRQHandler                        0x0800019f   Thumb Code     0  startup_stm32g031xx.o(.text)
    LPTIM2_IRQHandler                        0x0800019f   Thumb Code     0  startup_stm32g031xx.o(.text)
    LPUART1_IRQHandler                       0x0800019f   Thumb Code     0  startup_stm32g031xx.o(.text)
    PVD_IRQHandler                           0x0800019f   Thumb Code     0  startup_stm32g031xx.o(.text)
    RCC_IRQHandler                           0x0800019f   Thumb Code     0  startup_stm32g031xx.o(.text)
    RTC_TAMP_IRQHandler                      0x0800019f   Thumb Code     0  startup_stm32g031xx.o(.text)
    SPI1_IRQHandler                          0x0800019f   Thumb Code     0  startup_stm32g031xx.o(.text)
    SPI2_IRQHandler                          0x0800019f   Thumb Code     0  startup_stm32g031xx.o(.text)
    TIM14_IRQHandler                         0x0800019f   Thumb Code     0  startup_stm32g031xx.o(.text)
    TIM16_IRQHandler                         0x0800019f   Thumb Code     0  startup_stm32g031xx.o(.text)
    TIM17_IRQHandler                         0x0800019f   Thumb Code     0  startup_stm32g031xx.o(.text)
    TIM1_BRK_UP_TRG_COM_IRQHandler           0x0800019f   Thumb Code     0  startup_stm32g031xx.o(.text)
    TIM1_CC_IRQHandler                       0x0800019f   Thumb Code     0  startup_stm32g031xx.o(.text)
    TIM2_IRQHandler                          0x0800019f   Thumb Code     0  startup_stm32g031xx.o(.text)
    TIM3_IRQHandler                          0x0800019f   Thumb Code     0  startup_stm32g031xx.o(.text)
    USART1_IRQHandler                        0x0800019f   Thumb Code     0  startup_stm32g031xx.o(.text)
    USART2_IRQHandler                        0x0800019f   Thumb Code     0  startup_stm32g031xx.o(.text)
    WWDG_IRQHandler                          0x0800019f   Thumb Code     0  startup_stm32g031xx.o(.text)
    __user_initial_stackheap                 0x080001a1   Thumb Code     0  startup_stm32g031xx.o(.text)
    __aeabi_uldivmod                         0x080001c5   Thumb Code   258  lludiv.o(.text)
    _ll_udiv                                 0x080001c5   Thumb Code     0  lludiv.o(.text)
    __2sprintf                               0x080002c9   Thumb Code    36  noretval__2sprintf.o(.text)
    _printf_int_dec                          0x080002f1   Thumb Code    90  _printf_dec.o(.text)
    __printf                                 0x0800035d   Thumb Code   270  __printf_wp.o(.text)
    strlen                                   0x0800046d   Thumb Code    62  strlen.o(.text)
    strcat                                   0x080004b1   Thumb Code    24  strcat.o(.text)
    _memset_w                                0x080004c9   Thumb Code    26  rt_memclr.o(.text)
    _memset                                  0x080004e3   Thumb Code    30  rt_memclr.o(.text)
    __aeabi_memclr                           0x08000501   Thumb Code     4  rt_memclr.o(.text)
    __rt_memclr                              0x08000501   Thumb Code     0  rt_memclr.o(.text)
    __aeabi_memclr4                          0x08000505   Thumb Code     0  rt_memclr.o(.text)
    __aeabi_memclr8                          0x08000505   Thumb Code     0  rt_memclr.o(.text)
    __rt_memclr_w                            0x08000505   Thumb Code     4  rt_memclr.o(.text)
    __aeabi_uidiv                            0x08000509   Thumb Code     0  aeabi_sdiv.o(.text)
    __aeabi_uidivmod                         0x08000509   Thumb Code    20  aeabi_sdiv.o(.text)
    __aeabi_idiv                             0x0800051d   Thumb Code     0  aeabi_sdiv.o(.text)
    __aeabi_idivmod                          0x0800051d   Thumb Code   326  aeabi_sdiv.o(.text)
    __use_two_region_memory                  0x08000663   Thumb Code     2  heapauxi.o(.text)
    __rt_heap_escrow$2region                 0x08000665   Thumb Code     2  heapauxi.o(.text)
    __rt_heap_expand$2region                 0x08000667   Thumb Code     2  heapauxi.o(.text)
    __aeabi_f2d                              0x08000669   Thumb Code     0  f2d.o(.text)
    _f2d                                     0x08000669   Thumb Code    80  f2d.o(.text)
    __aeabi_fdiv                             0x080006bd   Thumb Code     0  fdiv.o(.text)
    _fdiv                                    0x080006bd   Thumb Code   334  fdiv.o(.text)
    _frdiv                                   0x0800080b   Thumb Code     8  fdiv.o(.text)
    __aeabi_i2f_normalise                    0x0800081d   Thumb Code    72  fflti.o(.text)
    __aeabi_i2f                              0x08000865   Thumb Code    16  fflti.o(.text)
    _fflt                                    0x08000865   Thumb Code     0  fflti.o(.text)
    __aeabi_ui2f                             0x08000875   Thumb Code     6  fflti.o(.text)
    _ffltu                                   0x08000875   Thumb Code     0  fflti.o(.text)
    _printf_int_common                       0x0800087b   Thumb Code   176  _printf_intcommon.o(.text)
    __lib_sel_fp_printf                      0x0800092d   Thumb Code     2  _printf_fp_dec.o(.text)
    _printf_fp_dec_real                      0x08000acb   Thumb Code   620  _printf_fp_dec.o(.text)
    _printf_char_common                      0x08000d4f   Thumb Code    32  _printf_char_common.o(.text)
    _sputc                                   0x08000d75   Thumb Code    10  _sputc.o(.text)
    __rt_udiv10                              0x08000d7f   Thumb Code    40  rtudiv10.o(.text)
    __fpl_fcmp_InfNaN                        0x08000da9   Thumb Code    96  fcmpin.o(.text)
    __rt_locale                              0x08000e0d   Thumb Code     8  rt_locale_intlibspace.o(.text)
    _ll_udiv10                               0x08000e15   Thumb Code   122  lludiv10.o(.text)
    _printf_fp_infnan                        0x08000e91   Thumb Code   120  _printf_fp_infnan.o(.text)
    _btod_etento                             0x08000f19   Thumb Code   210  bigflt0.o(.text)
    _btod_d2e                                0x08000ff1   Thumb Code    64  btod.o(.text)
    _btod_emul                               0x08001425   Thumb Code    28  btod.o(.text)
    _btod_emuld                              0x08001441   Thumb Code   144  btod.o(.text)
    _btod_ediv                               0x080014d1   Thumb Code    26  btod.o(.text)
    _btod_edivd                              0x080014eb   Thumb Code   124  btod.o(.text)
    __fpl_cmpreturn                          0x08001571   Thumb Code    46  cmpret.o(.text)
    __fpl_fcheck_NaN2                        0x080015a1   Thumb Code    10  fnan2.o(.text)
    __user_libspace                          0x080015b1   Thumb Code     8  libspace.o(.text)
    __user_perproc_libspace                  0x080015b1   Thumb Code     0  libspace.o(.text)
    __user_perthread_libspace                0x080015b1   Thumb Code     0  libspace.o(.text)
    __user_setup_stackheap                   0x080015b9   Thumb Code    62  sys_stackheap_outer.o(.text)
    exit                                     0x080015f7   Thumb Code    16  exit.o(.text)
    strcmp                                   0x08001609   Thumb Code   132  strcmp.o(.text)
    __fpl_return_NaN                         0x08001691   Thumb Code    94  retnan.o(.text)
    _sys_exit                                0x080016f1   Thumb Code     8  sys_exit.o(.text)
    __I$use$semihosting                      0x080016fd   Thumb Code     0  use_no_semi.o(.text)
    __use_no_semihosting_swi                 0x080016fd   Thumb Code     2  use_no_semi.o(.text)
    __semihosting_library_function           0x080016ff   Thumb Code     0  indicate_semi.o(.text)
    ADC_Enable                               0x08001701   Thumb Code   162  stm32g0xx_hal_adc.o(i.ADC_Enable)
    Error_Handler                            0x080017b5   Thumb Code     4  main.o(i.Error_Handler)
    HAL_ADC_ConfigChannel                    0x080017b9   Thumb Code   522  stm32g0xx_hal_adc.o(i.HAL_ADC_ConfigChannel)
    HAL_ADC_GetValue                         0x080019dd   Thumb Code     6  stm32g0xx_hal_adc.o(i.HAL_ADC_GetValue)
    HAL_ADC_Init                             0x080019e5   Thumb Code   514  stm32g0xx_hal_adc.o(i.HAL_ADC_Init)
    HAL_ADC_MspInit                          0x08001c05   Thumb Code    82  adc.o(i.HAL_ADC_MspInit)
    HAL_ADC_PollForConversion                0x08001c61   Thumb Code   196  stm32g0xx_hal_adc.o(i.HAL_ADC_PollForConversion)
    HAL_ADC_Start                            0x08001d25   Thumb Code    94  stm32g0xx_hal_adc.o(i.HAL_ADC_Start)
    HAL_GPIO_Init                            0x08001d8d   Thumb Code   330  stm32g0xx_hal_gpio.o(i.HAL_GPIO_Init)
    HAL_GPIO_WritePin                        0x08001ee9   Thumb Code    12  stm32g0xx_hal_gpio.o(i.HAL_GPIO_WritePin)
    HAL_GetTick                              0x08001ef5   Thumb Code     6  stm32g0xx_hal.o(i.HAL_GetTick)
    HAL_IncTick                              0x08001f01   Thumb Code    12  stm32g0xx_hal.o(i.HAL_IncTick)
    HAL_Init                                 0x08001f11   Thumb Code    36  stm32g0xx_hal.o(i.HAL_Init)
    HAL_InitTick                             0x08001f39   Thumb Code    64  stm32g0xx_hal.o(i.HAL_InitTick)
    HAL_MspInit                              0x08001f81   Thumb Code    38  stm32g0xx_hal_msp.o(i.HAL_MspInit)
    HAL_NVIC_SetPriority                     0x08001fad   Thumb Code     8  stm32g0xx_hal_cortex.o(i.HAL_NVIC_SetPriority)
    HAL_PWREx_ControlVoltageScaling          0x08001fb5   Thumb Code    62  stm32g0xx_hal_pwr_ex.o(i.HAL_PWREx_ControlVoltageScaling)
    HAL_RCC_ClockConfig                      0x08002001   Thumb Code   318  stm32g0xx_hal_rcc.o(i.HAL_RCC_ClockConfig)
    HAL_RCC_GetPCLK1Freq                     0x08002159   Thumb Code    26  stm32g0xx_hal_rcc.o(i.HAL_RCC_GetPCLK1Freq)
    HAL_RCC_GetSysClockFreq                  0x08002181   Thumb Code   130  stm32g0xx_hal_rcc.o(i.HAL_RCC_GetSysClockFreq)
    HAL_RCC_OscConfig                        0x0800220d   Thumb Code   962  stm32g0xx_hal_rcc.o(i.HAL_RCC_OscConfig)
    HAL_SPI_Init                             0x080025f5   Thumb Code   238  stm32g0xx_hal_spi.o(i.HAL_SPI_Init)
    HAL_SPI_MspInit                          0x080026e5   Thumb Code   118  spi.o(i.HAL_SPI_MspInit)
    HAL_SYSTICK_Config                       0x08002769   Thumb Code    38  stm32g0xx_hal_cortex.o(i.HAL_SYSTICK_Config)
    HAL_TIMEx_MasterConfigSynchronization    0x08002799   Thumb Code    98  stm32g0xx_hal_tim_ex.o(i.HAL_TIMEx_MasterConfigSynchronization)
    HAL_TIM_Base_Init                        0x08002805   Thumb Code    76  stm32g0xx_hal_tim.o(i.HAL_TIM_Base_Init)
    HAL_TIM_Base_MspInit                     0x08002851   Thumb Code    28  tim.o(i.HAL_TIM_Base_MspInit)
    HAL_TIM_Base_Start                       0x08002875   Thumb Code    66  stm32g0xx_hal_tim.o(i.HAL_TIM_Base_Start)
    HAL_TIM_ConfigClockSource                0x080028c5   Thumb Code   220  stm32g0xx_hal_tim.o(i.HAL_TIM_ConfigClockSource)
    HAL_UART_Init                            0x080029a5   Thumb Code   108  stm32g0xx_hal_uart.o(i.HAL_UART_Init)
    HAL_UART_MspInit                         0x08002a11   Thumb Code    84  usart.o(i.HAL_UART_MspInit)
    HAL_UART_Transmit                        0x08002a6d   Thumb Code   202  stm32g0xx_hal_uart.o(i.HAL_UART_Transmit)
    HardFault_Handler                        0x08002b37   Thumb Code     2  stm32g0xx_it.o(i.HardFault_Handler)
    MX_ADC1_Init                             0x08002b7d   Thumb Code   104  adc.o(i.MX_ADC1_Init)
    MX_GPIO_Init                             0x08002bed   Thumb Code   124  gpio.o(i.MX_GPIO_Init)
    MX_SPI1_Init                             0x08002c75   Thumb Code    58  spi.o(i.MX_SPI1_Init)
    MX_TIM3_Init                             0x08002cb9   Thumb Code   100  tim.o(i.MX_TIM3_Init)
    MX_USART2_UART_Init                      0x08002d29   Thumb Code    50  usart.o(i.MX_USART2_UART_Init)
    NMI_Handler                              0x08002d65   Thumb Code     2  stm32g0xx_it.o(i.NMI_Handler)
    PendSV_Handler                           0x08002d67   Thumb Code     2  stm32g0xx_it.o(i.PendSV_Handler)
    SVC_Handler                              0x08002d69   Thumb Code     2  stm32g0xx_it.o(i.SVC_Handler)
    SysTick_Handler                          0x08002d6b   Thumb Code     8  stm32g0xx_it.o(i.SysTick_Handler)
    SystemClock_Config                       0x08002d73   Thumb Code    90  main.o(i.SystemClock_Config)
    SystemInit                               0x08002dcd   Thumb Code     2  system_stm32g0xx.o(i.SystemInit)
    TIM_Base_SetConfig                       0x08002dd1   Thumb Code   112  stm32g0xx_hal_tim.o(i.TIM_Base_SetConfig)
    TIM_ETR_SetConfig                        0x08002e55   Thumb Code    22  stm32g0xx_hal_tim.o(i.TIM_ETR_SetConfig)
    UART_AdvFeatureConfig                    0x08002ec9   Thumb Code   202  stm32g0xx_hal_uart.o(i.UART_AdvFeatureConfig)
    UART_CheckIdleState                      0x08002f95   Thumb Code    96  stm32g0xx_hal_uart.o(i.UART_CheckIdleState)
    UART_SetConfig                           0x08002ff9   Thumb Code   482  stm32g0xx_hal_uart.o(i.UART_SetConfig)
    UART_WaitOnFlagUntilTimeout              0x08003205   Thumb Code   210  stm32g0xx_hal_uart.o(i.UART_WaitOnFlagUntilTimeout)
    __ARM_common_ll_muluu                    0x080032d7   Thumb Code    48  btod.o(i.__ARM_common_ll_muluu)
    __ARM_common_switch8                     0x08003307   Thumb Code    26  leds.o(i.__ARM_common_switch8)
    __ARM_fpclassify                         0x08003321   Thumb Code    40  fpclassify.o(i.__ARM_fpclassify)
    _is_digit                                0x08003391   Thumb Code    14  __printf_wp.o(i._is_digit)
    choose_mux                               0x080033a1   Thumb Code    80  my_adc.o(i.choose_mux)
    choose_mux_channel                       0x080033f5   Thumb Code    56  my_adc.o(i.choose_mux_channel)
    delay_us                                 0x08003431   Thumb Code    22  my_adc.o(i.delay_us)
    led_all_off                              0x08003449   Thumb Code   150  leds.o(i.led_all_off)
    led_on                                   0x080034e5   Thumb Code   116  leds.o(i.led_on)
    led_set_balancing                        0x0800355d   Thumb Code    52  leds.o(i.led_set_balancing)
    main                                     0x08003591   Thumb Code    52  main.o(i.main)
    read_all_batteries                       0x080035d1   Thumb Code   164  my_adc.o(i.read_all_batteries)
    read_voltage_adc1                        0x0800368d   Thumb Code    56  my_adc.o(i.read_voltage_adc1)
    _get_lc_numeric                          0x080036d1   Thumb Code    44  lc_numeric_c.o(locale$$code)
    __aeabi_fmul                             0x080036fd   Thumb Code     0  fmul.o(x$fpl$fmul)
    _fmul                                    0x080036fd   Thumb Code   172  fmul.o(x$fpl$fmul)
    __aeabi_cfrcmple                         0x080037ad   Thumb Code     0  frlef.o(x$fpl$frleqf)
    _frcmple                                 0x080037ad   Thumb Code    84  frlef.o(x$fpl$frleqf)
    _printf_fp_dec                           0x08003805   Thumb Code    16  printf1.o(x$fpl$printf1)
    UARTPrescTable                           0x08003814   Data          24  stm32g0xx_hal_uart.o(.constdata)
    __I$use$fp                               0x08003814   Number         0  usenofp.o(x$fpl$usenofp)
    AHBPrescTable                            0x0800382c   Data          64  system_stm32g0xx.o(.constdata)
    APBPrescTable                            0x0800386c   Data          32  system_stm32g0xx.o(.constdata)
    Region$$Table$$Base                      0x08003960   Number         0  anon$$obj.o(Region$$Table)
    Region$$Table$$Limit                     0x08003980   Number         0  anon$$obj.o(Region$$Table)
    uwTickFreq                               0x20000000   Data           1  stm32g0xx_hal.o(.data)
    uwTickPrio                               0x20000004   Data           4  stm32g0xx_hal.o(.data)
    uwTick                                   0x20000008   Data           4  stm32g0xx_hal.o(.data)
    SystemCoreClock                          0x2000000c   Data           4  system_stm32g0xx.o(.data)
    voltages                                 0x20000010   Data          52  my_adc.o(.bss)
    hadc1                                    0x200000f0   Data         100  adc.o(.bss)
    hspi1                                    0x20000154   Data         100  spi.o(.bss)
    htim3                                    0x200001b8   Data          76  tim.o(.bss)
    huart2                                   0x20000204   Data         148  usart.o(.bss)
    __libspace_start                         0x20000298   Data          96  libspace.o(.bss)
    __temporary_stack_top$libspace           0x200002f8   Data           0  libspace.o(.bss)



==============================================================================

Memory Map of the image

  Image Entry point : 0x080000c1

  Load Region LR_IROM1 (Base: 0x08000000, Size: 0x000039ac, Max: 0x00010000, ABSOLUTE)

    Execution Region ER_IROM1 (Exec base: 0x08000000, Load base: 0x08000000, Size: 0x0000399c, Max: 0x00010000, ABSOLUTE)

    Exec Addr    Load Addr    Size         Type   Attr      Idx    E Section Name        Object

    0x08000000   0x08000000   0x000000c0   Data   RO            3    RESET               startup_stm32g031xx.o
    0x080000c0   0x080000c0   0x00000008   Code   RO         4021  * !!!main             c_p.l(__main.o)
    0x080000c8   0x080000c8   0x0000003c   Code   RO         4256    !!!scatter          c_p.l(__scatter.o)
    0x08000104   0x08000104   0x0000001a   Code   RO         4258    !!handler_copy      c_p.l(__scatter_copy.o)
    0x0800011e   0x0800011e   0x00000002   PAD
    0x08000120   0x08000120   0x0000001c   Code   RO         4260    !!handler_zi        c_p.l(__scatter_zi.o)
    0x0800013c   0x0800013c   0x00000002   Code   RO         4008    .ARM.Collect$$_printf_percent$$00000000  c_p.l(_printf_percent.o)
    0x0800013e   0x0800013e   0x0000000a   Code   RO         4007    .ARM.Collect$$_printf_percent$$00000003  c_p.l(_printf_f.o)
    0x08000148   0x08000148   0x0000000a   Code   RO         4006    .ARM.Collect$$_printf_percent$$00000009  c_p.l(_printf_d.o)
    0x08000152   0x08000152   0x00000004   Code   RO         4053    .ARM.Collect$$_printf_percent$$00000017  c_p.l(_printf_percent_end.o)
    0x08000156   0x08000156   0x00000002   Code   RO         4124    .ARM.Collect$$libinit$$00000000  c_p.l(libinit.o)
    0x08000158   0x08000158   0x00000000   Code   RO         4126    .ARM.Collect$$libinit$$00000002  c_p.l(libinit2.o)
    0x08000158   0x08000158   0x00000000   Code   RO         4128    .ARM.Collect$$libinit$$00000004  c_p.l(libinit2.o)
    0x08000158   0x08000158   0x00000000   Code   RO         4131    .ARM.Collect$$libinit$$0000000A  c_p.l(libinit2.o)
    0x08000158   0x08000158   0x00000000   Code   RO         4133    .ARM.Collect$$libinit$$0000000C  c_p.l(libinit2.o)
    0x08000158   0x08000158   0x00000000   Code   RO         4135    .ARM.Collect$$libinit$$0000000E  c_p.l(libinit2.o)
    0x08000158   0x08000158   0x00000006   Code   RO         4136    .ARM.Collect$$libinit$$0000000F  c_p.l(libinit2.o)
    0x0800015e   0x0800015e   0x00000000   Code   RO         4138    .ARM.Collect$$libinit$$00000011  c_p.l(libinit2.o)
    0x0800015e   0x0800015e   0x00000000   Code   RO         4140    .ARM.Collect$$libinit$$00000013  c_p.l(libinit2.o)
    0x0800015e   0x0800015e   0x00000000   Code   RO         4142    .ARM.Collect$$libinit$$00000015  c_p.l(libinit2.o)
    0x0800015e   0x0800015e   0x0000000a   Code   RO         4143    .ARM.Collect$$libinit$$00000016  c_p.l(libinit2.o)
    0x08000168   0x08000168   0x00000000   Code   RO         4144    .ARM.Collect$$libinit$$00000017  c_p.l(libinit2.o)
    0x08000168   0x08000168   0x00000000   Code   RO         4146    .ARM.Collect$$libinit$$00000019  c_p.l(libinit2.o)
    0x08000168   0x08000168   0x00000000   Code   RO         4148    .ARM.Collect$$libinit$$0000001B  c_p.l(libinit2.o)
    0x08000168   0x08000168   0x00000000   Code   RO         4150    .ARM.Collect$$libinit$$0000001D  c_p.l(libinit2.o)
    0x08000168   0x08000168   0x00000000   Code   RO         4152    .ARM.Collect$$libinit$$0000001F  c_p.l(libinit2.o)
    0x08000168   0x08000168   0x00000000   Code   RO         4154    .ARM.Collect$$libinit$$00000021  c_p.l(libinit2.o)
    0x08000168   0x08000168   0x00000000   Code   RO         4156    .ARM.Collect$$libinit$$00000023  c_p.l(libinit2.o)
    0x08000168   0x08000168   0x00000000   Code   RO         4158    .ARM.Collect$$libinit$$00000025  c_p.l(libinit2.o)
    0x08000168   0x08000168   0x00000000   Code   RO         4162    .ARM.Collect$$libinit$$0000002C  c_p.l(libinit2.o)
    0x08000168   0x08000168   0x00000000   Code   RO         4164    .ARM.Collect$$libinit$$0000002E  c_p.l(libinit2.o)
    0x08000168   0x08000168   0x00000000   Code   RO         4166    .ARM.Collect$$libinit$$00000030  c_p.l(libinit2.o)
    0x08000168   0x08000168   0x00000000   Code   RO         4168    .ARM.Collect$$libinit$$00000032  c_p.l(libinit2.o)
    0x08000168   0x08000168   0x00000002   Code   RO         4169    .ARM.Collect$$libinit$$00000033  c_p.l(libinit2.o)
    0x0800016a   0x0800016a   0x00000002   Code   RO         4219    .ARM.Collect$$libshutdown$$00000000  c_p.l(libshutdown.o)
    0x0800016c   0x0800016c   0x00000000   Code   RO         4237    .ARM.Collect$$libshutdown$$00000002  c_p.l(libshutdown2.o)
    0x0800016c   0x0800016c   0x00000000   Code   RO         4239    .ARM.Collect$$libshutdown$$00000004  c_p.l(libshutdown2.o)
    0x0800016c   0x0800016c   0x00000000   Code   RO         4241    .ARM.Collect$$libshutdown$$00000006  c_p.l(libshutdown2.o)
    0x0800016c   0x0800016c   0x00000000   Code   RO         4244    .ARM.Collect$$libshutdown$$00000009  c_p.l(libshutdown2.o)
    0x0800016c   0x0800016c   0x00000000   Code   RO         4247    .ARM.Collect$$libshutdown$$0000000C  c_p.l(libshutdown2.o)
    0x0800016c   0x0800016c   0x00000000   Code   RO         4249    .ARM.Collect$$libshutdown$$0000000E  c_p.l(libshutdown2.o)
    0x0800016c   0x0800016c   0x00000000   Code   RO         4252    .ARM.Collect$$libshutdown$$00000011  c_p.l(libshutdown2.o)
    0x0800016c   0x0800016c   0x00000002   Code   RO         4253    .ARM.Collect$$libshutdown$$00000012  c_p.l(libshutdown2.o)
    0x0800016e   0x0800016e   0x00000000   Code   RO         4036    .ARM.Collect$$rtentry$$00000000  c_p.l(__rtentry.o)
    0x0800016e   0x0800016e   0x00000000   Code   RO         4060    .ARM.Collect$$rtentry$$00000002  c_p.l(__rtentry2.o)
    0x0800016e   0x0800016e   0x00000006   Code   RO         4072    .ARM.Collect$$rtentry$$00000004  c_p.l(__rtentry4.o)
    0x08000174   0x08000174   0x00000000   Code   RO         4062    .ARM.Collect$$rtentry$$00000009  c_p.l(__rtentry2.o)
    0x08000174   0x08000174   0x00000004   Code   RO         4063    .ARM.Collect$$rtentry$$0000000A  c_p.l(__rtentry2.o)
    0x08000178   0x08000178   0x00000000   Code   RO         4065    .ARM.Collect$$rtentry$$0000000C  c_p.l(__rtentry2.o)
    0x08000178   0x08000178   0x00000008   Code   RO         4066    .ARM.Collect$$rtentry$$0000000D  c_p.l(__rtentry2.o)
    0x08000180   0x08000180   0x00000002   Code   RO         4173    .ARM.Collect$$rtexit$$00000000  c_p.l(rtexit.o)
    0x08000182   0x08000182   0x00000000   Code   RO         4188    .ARM.Collect$$rtexit$$00000002  c_p.l(rtexit2.o)
    0x08000182   0x08000182   0x00000004   Code   RO         4189    .ARM.Collect$$rtexit$$00000003  c_p.l(rtexit2.o)
    0x08000186   0x08000186   0x00000006   Code   RO         4190    .ARM.Collect$$rtexit$$00000004  c_p.l(rtexit2.o)
    0x0800018c   0x0800018c   0x00000038   Code   RO            4    .text               startup_stm32g031xx.o
    0x080001c4   0x080001c4   0x00000102   Code   RO         3976    .text               c_p.l(lludiv.o)
    0x080002c6   0x080002c6   0x00000002   PAD
    0x080002c8   0x080002c8   0x00000028   Code   RO         3980    .text               c_p.l(noretval__2sprintf.o)
    0x080002f0   0x080002f0   0x0000006c   Code   RO         3984    .text               c_p.l(_printf_dec.o)
    0x0800035c   0x0800035c   0x0000010e   Code   RO         3994    .text               c_p.l(__printf_wp.o)
    0x0800046a   0x0800046a   0x00000002   PAD
    0x0800046c   0x0800046c   0x00000044   Code   RO         4009    .text               c_p.l(strlen.o)
    0x080004b0   0x080004b0   0x00000018   Code   RO         4011    .text               c_p.l(strcat.o)
    0x080004c8   0x080004c8   0x00000040   Code   RO         4013    .text               c_p.l(rt_memclr.o)
    0x08000508   0x08000508   0x0000015a   Code   RO         4015    .text               c_p.l(aeabi_sdiv.o)
    0x08000662   0x08000662   0x00000006   Code   RO         4019    .text               c_p.l(heapauxi.o)
    0x08000668   0x08000668   0x00000054   Code   RO         4023    .text               fz_ps.l(f2d.o)
    0x080006bc   0x080006bc   0x00000160   Code   RO         4025    .text               fz_ps.l(fdiv.o)
    0x0800081c   0x0800081c   0x0000005e   Code   RO         4028    .text               fz_ps.l(fflti.o)
    0x0800087a   0x0800087a   0x000000b0   Code   RO         4045    .text               c_p.l(_printf_intcommon.o)
    0x0800092a   0x0800092a   0x00000002   PAD
    0x0800092c   0x0800092c   0x00000418   Code   RO         4047    .text               c_p.l(_printf_fp_dec.o)
    0x08000d44   0x08000d44   0x00000030   Code   RO         4049    .text               c_p.l(_printf_char_common.o)
    0x08000d74   0x08000d74   0x0000000a   Code   RO         4051    .text               c_p.l(_sputc.o)
    0x08000d7e   0x08000d7e   0x00000028   Code   RO         4054    .text               c_p.l(rtudiv10.o)
    0x08000da6   0x08000da6   0x00000002   PAD
    0x08000da8   0x08000da8   0x00000064   Code   RO         4056    .text               fz_ps.l(fcmpin.o)
    0x08000e0c   0x08000e0c   0x00000008   Code   RO         4079    .text               c_p.l(rt_locale_intlibspace.o)
    0x08000e14   0x08000e14   0x0000007a   Code   RO         4081    .text               c_p.l(lludiv10.o)
    0x08000e8e   0x08000e8e   0x00000002   PAD
    0x08000e90   0x08000e90   0x00000088   Code   RO         4083    .text               c_p.l(_printf_fp_infnan.o)
    0x08000f18   0x08000f18   0x000000d8   Code   RO         4087    .text               c_p.l(bigflt0.o)
    0x08000ff0   0x08000ff0   0x00000580   Code   RO         4090    .text               c_p.l(btod.o)
    0x08001570   0x08001570   0x0000002e   Code   RO         4097    .text               fz_ps.l(cmpret.o)
    0x0800159e   0x0800159e   0x00000002   PAD
    0x080015a0   0x080015a0   0x00000010   Code   RO         4099    .text               fz_ps.l(fnan2.o)
    0x080015b0   0x080015b0   0x00000008   Code   RO         4105    .text               c_p.l(libspace.o)
    0x080015b8   0x080015b8   0x0000003e   Code   RO         4108    .text               c_p.l(sys_stackheap_outer.o)
    0x080015f6   0x080015f6   0x00000010   Code   RO         4111    .text               c_p.l(exit.o)
    0x08001606   0x08001606   0x00000002   PAD
    0x08001608   0x08001608   0x00000088   Code   RO         4117    .text               c_p.l(strcmp.o)
    0x08001690   0x08001690   0x0000005e   Code   RO         4170    .text               fz_ps.l(retnan.o)
    0x080016ee   0x080016ee   0x00000002   PAD
    0x080016f0   0x080016f0   0x0000000c   Code   RO         4185    .text               c_p.l(sys_exit.o)
    0x080016fc   0x080016fc   0x00000002   Code   RO         4206    .text               c_p.l(use_no_semi.o)
    0x080016fe   0x080016fe   0x00000000   Code   RO         4208    .text               c_p.l(indicate_semi.o)
    0x080016fe   0x080016fe   0x00000002   PAD
    0x08001700   0x08001700   0x000000b4   Code   RO          534    i.ADC_Enable        stm32g0xx_hal_adc.o
    0x080017b4   0x080017b4   0x00000004   Code   RO          235    i.Error_Handler     main.o
    0x080017b8   0x080017b8   0x00000224   Code   RO          536    i.HAL_ADC_ConfigChannel  stm32g0xx_hal_adc.o
    0x080019dc   0x080019dc   0x00000006   Code   RO          543    i.HAL_ADC_GetValue  stm32g0xx_hal_adc.o
    0x080019e2   0x080019e2   0x00000002   PAD
    0x080019e4   0x080019e4   0x00000220   Code   RO          545    i.HAL_ADC_Init      stm32g0xx_hal_adc.o
    0x08001c04   0x08001c04   0x0000005c   Code   RO          311    i.HAL_ADC_MspInit   adc.o
    0x08001c60   0x08001c60   0x000000c4   Code   RO          549    i.HAL_ADC_PollForConversion  stm32g0xx_hal_adc.o
    0x08001d24   0x08001d24   0x00000068   Code   RO          551    i.HAL_ADC_Start     stm32g0xx_hal_adc.o
    0x08001d8c   0x08001d8c   0x0000015c   Code   RO         1183    i.HAL_GPIO_Init     stm32g0xx_hal_gpio.o
    0x08001ee8   0x08001ee8   0x0000000c   Code   RO         1187    i.HAL_GPIO_WritePin  stm32g0xx_hal_gpio.o
    0x08001ef4   0x08001ef4   0x0000000c   Code   RO         1775    i.HAL_GetTick       stm32g0xx_hal.o
    0x08001f00   0x08001f00   0x00000010   Code   RO         1781    i.HAL_IncTick       stm32g0xx_hal.o
    0x08001f10   0x08001f10   0x00000028   Code   RO         1782    i.HAL_Init          stm32g0xx_hal.o
    0x08001f38   0x08001f38   0x00000048   Code   RO         1783    i.HAL_InitTick      stm32g0xx_hal.o
    0x08001f80   0x08001f80   0x0000002c   Code   RO          509    i.HAL_MspInit       stm32g0xx_hal_msp.o
    0x08001fac   0x08001fac   0x00000008   Code   RO         1663    i.HAL_NVIC_SetPriority  stm32g0xx_hal_cortex.o
    0x08001fb4   0x08001fb4   0x0000004c   Code   RO         1479    i.HAL_PWREx_ControlVoltageScaling  stm32g0xx_hal_pwr_ex.o
    0x08002000   0x08002000   0x00000158   Code   RO          815    i.HAL_RCC_ClockConfig  stm32g0xx_hal_rcc.o
    0x08002158   0x08002158   0x00000028   Code   RO          823    i.HAL_RCC_GetPCLK1Freq  stm32g0xx_hal_rcc.o
    0x08002180   0x08002180   0x0000008c   Code   RO          825    i.HAL_RCC_GetSysClockFreq  stm32g0xx_hal_rcc.o
    0x0800220c   0x0800220c   0x000003e8   Code   RO          829    i.HAL_RCC_OscConfig  stm32g0xx_hal_rcc.o
    0x080025f4   0x080025f4   0x000000ee   Code   RO         2069    i.HAL_SPI_Init      stm32g0xx_hal_spi.o
    0x080026e2   0x080026e2   0x00000002   PAD
    0x080026e4   0x080026e4   0x00000084   Code   RO          349    i.HAL_SPI_MspInit   spi.o
    0x08002768   0x08002768   0x00000030   Code   RO         1667    i.HAL_SYSTICK_Config  stm32g0xx_hal_cortex.o
    0x08002798   0x08002798   0x0000006c   Code   RO         3136    i.HAL_TIMEx_MasterConfigSynchronization  stm32g0xx_hal_tim_ex.o
    0x08002804   0x08002804   0x0000004c   Code   RO         2403    i.HAL_TIM_Base_Init  stm32g0xx_hal_tim.o
    0x08002850   0x08002850   0x00000024   Code   RO          387    i.HAL_TIM_Base_MspInit  tim.o
    0x08002874   0x08002874   0x00000050   Code   RO         2406    i.HAL_TIM_Base_Start  stm32g0xx_hal_tim.o
    0x080028c4   0x080028c4   0x000000e0   Code   RO         2412    i.HAL_TIM_ConfigClockSource  stm32g0xx_hal_tim.o
    0x080029a4   0x080029a4   0x0000006c   Code   RO         3441    i.HAL_UART_Init     stm32g0xx_hal_uart.o
    0x08002a10   0x08002a10   0x0000005c   Code   RO          425    i.HAL_UART_MspInit  usart.o
    0x08002a6c   0x08002a6c   0x000000ca   Code   RO         3450    i.HAL_UART_Transmit  stm32g0xx_hal_uart.o
    0x08002b36   0x08002b36   0x00000002   Code   RO          462    i.HardFault_Handler  stm32g0xx_it.o
    0x08002b38   0x08002b38   0x00000008   Code   RO          557    i.LL_ADC_IsEnabled  stm32g0xx_hal_adc.o
    0x08002b40   0x08002b40   0x00000008   Code   RO          558    i.LL_ADC_REG_IsConversionOngoing  stm32g0xx_hal_adc.o
    0x08002b48   0x08002b48   0x00000010   Code   RO          559    i.LL_ADC_REG_IsTriggerSourceSWStart  stm32g0xx_hal_adc.o
    0x08002b58   0x08002b58   0x0000000e   Code   RO          561    i.LL_ADC_SetCommonPathInternalCh  stm32g0xx_hal_adc.o
    0x08002b66   0x08002b66   0x00000016   Code   RO          562    i.LL_ADC_SetSamplingTimeCommonChannels  stm32g0xx_hal_adc.o
    0x08002b7c   0x08002b7c   0x00000070   Code   RO          312    i.MX_ADC1_Init      adc.o
    0x08002bec   0x08002bec   0x00000088   Code   RO          290    i.MX_GPIO_Init      gpio.o
    0x08002c74   0x08002c74   0x00000044   Code   RO          350    i.MX_SPI1_Init      spi.o
    0x08002cb8   0x08002cb8   0x00000070   Code   RO          388    i.MX_TIM3_Init      tim.o
    0x08002d28   0x08002d28   0x0000003c   Code   RO          426    i.MX_USART2_UART_Init  usart.o
    0x08002d64   0x08002d64   0x00000002   Code   RO          463    i.NMI_Handler       stm32g0xx_it.o
    0x08002d66   0x08002d66   0x00000002   Code   RO          464    i.PendSV_Handler    stm32g0xx_it.o
    0x08002d68   0x08002d68   0x00000002   Code   RO          465    i.SVC_Handler       stm32g0xx_it.o
    0x08002d6a   0x08002d6a   0x00000008   Code   RO          466    i.SysTick_Handler   stm32g0xx_it.o
    0x08002d72   0x08002d72   0x0000005a   Code   RO          236    i.SystemClock_Config  main.o
    0x08002dcc   0x08002dcc   0x00000002   Code   RO         3943    i.SystemInit        system_stm32g0xx.o
    0x08002dce   0x08002dce   0x00000002   PAD
    0x08002dd0   0x08002dd0   0x00000084   Code   RO         2496    i.TIM_Base_SetConfig  stm32g0xx_hal_tim.o
    0x08002e54   0x08002e54   0x00000016   Code   RO         2507    i.TIM_ETR_SetConfig  stm32g0xx_hal_tim.o
    0x08002e6a   0x08002e6a   0x00000002   PAD
    0x08002e6c   0x08002e6c   0x00000014   Code   RO         2508    i.TIM_ITRx_SetConfig  stm32g0xx_hal_tim.o
    0x08002e80   0x08002e80   0x00000022   Code   RO         2516    i.TIM_TI1_ConfigInputStage  stm32g0xx_hal_tim.o
    0x08002ea2   0x08002ea2   0x00000026   Code   RO         2518    i.TIM_TI2_ConfigInputStage  stm32g0xx_hal_tim.o
    0x08002ec8   0x08002ec8   0x000000ca   Code   RO         3455    i.UART_AdvFeatureConfig  stm32g0xx_hal_uart.o
    0x08002f92   0x08002f92   0x00000002   PAD
    0x08002f94   0x08002f94   0x00000064   Code   RO         3456    i.UART_CheckIdleState  stm32g0xx_hal_uart.o
    0x08002ff8   0x08002ff8   0x0000020c   Code   RO         3473    i.UART_SetConfig    stm32g0xx_hal_uart.o
    0x08003204   0x08003204   0x000000d2   Code   RO         3480    i.UART_WaitOnFlagUntilTimeout  stm32g0xx_hal_uart.o
    0x080032d6   0x080032d6   0x00000030   Code   RO         4092    i.__ARM_common_ll_muluu  c_p.l(btod.o)
    0x08003306   0x08003306   0x0000001a   Code   RO          225    i.__ARM_common_switch8  leds.o
    0x08003320   0x08003320   0x0000002c   Code   RO         4103    i.__ARM_fpclassify  m_ps.l(fpclassify.o)
    0x0800334c   0x0800334c   0x00000044   Code   RO         1669    i.__NVIC_SetPriority  stm32g0xx_hal_cortex.o
    0x08003390   0x08003390   0x0000000e   Code   RO         3996    i._is_digit         c_p.l(__printf_wp.o)
    0x0800339e   0x0800339e   0x00000002   PAD
    0x080033a0   0x080033a0   0x00000054   Code   RO           12    i.choose_mux        my_adc.o
    0x080033f4   0x080033f4   0x0000003c   Code   RO           13    i.choose_mux_channel  my_adc.o
    0x08003430   0x08003430   0x00000016   Code   RO           14    i.delay_us          my_adc.o
    0x08003446   0x08003446   0x00000002   PAD
    0x08003448   0x08003448   0x0000009c   Code   RO          192    i.led_all_off       leds.o
    0x080034e4   0x080034e4   0x00000078   Code   RO          194    i.led_on            leds.o
    0x0800355c   0x0800355c   0x00000034   Code   RO          195    i.led_set_balancing  leds.o
    0x08003590   0x08003590   0x00000040   Code   RO          237    i.main              main.o
    0x080035d0   0x080035d0   0x000000bc   Code   RO           15    i.read_all_batteries  my_adc.o
    0x0800368c   0x0800368c   0x00000044   Code   RO           16    i.read_voltage_adc1  my_adc.o
    0x080036d0   0x080036d0   0x0000002c   Code   RO         4095    locale$$code        c_p.l(lc_numeric_c.o)
    0x080036fc   0x080036fc   0x000000b0   Code   RO         4030    x$fpl$fmul          fz_ps.l(fmul.o)
    0x080037ac   0x080037ac   0x00000058   Code   RO         4032    x$fpl$frleqf        fz_ps.l(frlef.o)
    0x08003804   0x08003804   0x00000010   Code   RO         4034    x$fpl$printf1       fz_ps.l(printf1.o)
    0x08003814   0x08003814   0x00000000   Code   RO         4058    x$fpl$usenofp       fz_ps.l(usenofp.o)
    0x08003814   0x08003814   0x00000018   Data   RO         3481    .constdata          stm32g0xx_hal_uart.o
    0x0800382c   0x0800382c   0x00000040   Data   RO         3944    .constdata          system_stm32g0xx.o
    0x0800386c   0x0800386c   0x00000020   Data   RO         3945    .constdata          system_stm32g0xx.o
    0x0800388c   0x0800388c   0x00000040   Data   RO         4026    .constdata          fz_ps.l(fdiv.o)
    0x080038cc   0x080038cc   0x00000094   Data   RO         4088    .constdata          c_p.l(bigflt0.o)
    0x08003960   0x08003960   0x00000020   Data   RO         4254    Region$$Table       anon$$obj.o
    0x08003980   0x08003980   0x0000001c   Data   RO         4094    locale$$data        c_p.l(lc_numeric_c.o)


    Execution Region RW_IRAM1 (Exec base: 0x20000000, Load base: 0x0800399c, Size: 0x000008f8, Max: 0x00002000, ABSOLUTE)

    Exec Addr    Load Addr    Size         Type   Attr      Idx    E Section Name        Object

    0x20000000   0x0800399c   0x0000000c   Data   RW         1800    .data               stm32g0xx_hal.o
    0x2000000c   0x080039a8   0x00000004   Data   RW         3946    .data               system_stm32g0xx.o
    0x20000010        -       0x000000de   Zero   RW           17    .bss                my_adc.o
    0x200000ee   0x080039ac   0x00000002   PAD
    0x200000f0        -       0x00000064   Zero   RW          313    .bss                adc.o
    0x20000154        -       0x00000064   Zero   RW          351    .bss                spi.o
    0x200001b8        -       0x0000004c   Zero   RW          389    .bss                tim.o
    0x20000204        -       0x00000094   Zero   RW          427    .bss                usart.o
    0x20000298        -       0x00000060   Zero   RW         4106    .bss                c_p.l(libspace.o)
    0x200002f8        -       0x00000200   Zero   RW            2    HEAP                startup_stm32g031xx.o
    0x200004f8        -       0x00000400   Zero   RW            1    STACK               startup_stm32g031xx.o


==============================================================================

Image component sizes


      Code (inc. data)   RO Data    RW Data    ZI Data      Debug   Object Name

       204         18          0          0        100       1645   adc.o
       136         12          0          0          0        867   gpio.o
       354         26          0          0          0       1871   leds.o
       158         12          0          0          0       1868   main.o
       422         44          0          0        222     437854   my_adc.o
       200         24          0          0        100       1625   spi.o
        56         26        192          0       1536        628   startup_stm32g031xx.o
       140         22          0         12          0      17085   stm32g0xx_hal.o
      1646         84          0          0          0      41407   stm32g0xx_hal_adc.o
       124         18          0          0          0      11404   stm32g0xx_hal_cortex.o
         0          0          0          0          0       2708   stm32g0xx_hal_flash.o
       360         18          0          0          0       1924   stm32g0xx_hal_gpio.o
        44          6          0          0          0        810   stm32g0xx_hal_msp.o
        76         14          0          0          0        730   stm32g0xx_hal_pwr_ex.o
      1524         88          0          0          0      22877   stm32g0xx_hal_rcc.o
       238          0          0          0          0       1207   stm32g0xx_hal_spi.o
       626         42          0          0          0       6532   stm32g0xx_hal_tim.o
       108         10          0          0          0       1412   stm32g0xx_hal_tim_ex.o
      1346         46         24          0          0      26098   stm32g0xx_hal_uart.o
        16          0          0          0          0       2087   stm32g0xx_it.o
         2          0         96          4          0       1087   system_stm32g0xx.o
       148         20          0          0         76       1590   tim.o
       152         18          0          0        148       1594   usart.o

    ----------------------------------------------------------------------
      8092        548        344         16       2184     586910   Object Totals
         0          0         32          0          0          0   (incl. Generated)
        12          0          0          0          2          0   (incl. Padding)

    ----------------------------------------------------------------------

      Code (inc. data)   RO Data    RW Data    ZI Data      Debug   Library Member Name

         8          0          0          0          0         68   __main.o
       284          0          0          0          0        136   __printf_wp.o
         0          0          0          0          0          0   __rtentry.o
        12          0          0          0          0          0   __rtentry2.o
         6          0          0          0          0          0   __rtentry4.o
        60          8          0          0          0          0   __scatter.o
        26          0          0          0          0          0   __scatter_copy.o
        28          0          0          0          0          0   __scatter_zi.o
        48          6          0          0          0         88   _printf_char_common.o
        10          0          0          0          0          0   _printf_d.o
       108         18          0          0          0         76   _printf_dec.o
        10          0          0          0          0          0   _printf_f.o
      1048         14          0          0          0        176   _printf_fp_dec.o
       136         16          0          0          0         76   _printf_fp_infnan.o
       176          0          0          0          0         84   _printf_intcommon.o
         2          0          0          0          0          0   _printf_percent.o
         4          0          0          0          0          0   _printf_percent_end.o
        10          0          0          0          0         60   _sputc.o
       346          0          0          0          0         92   aeabi_sdiv.o
       216          6        148          0          0         80   bigflt0.o
      1456         30          0          0          0        336   btod.o
        16          0          0          0          0         68   exit.o
         6          0          0          0          0        136   heapauxi.o
         0          0          0          0          0          0   indicate_semi.o
        44         10         28          0          0         76   lc_numeric_c.o
         2          0          0          0          0          0   libinit.o
        18          0          0          0          0          0   libinit2.o
         2          0          0          0          0          0   libshutdown.o
         2          0          0          0          0          0   libshutdown2.o
         8          4          0          0         96         68   libspace.o
       258          0          0          0          0         88   lludiv.o
       122          0          0          0          0         72   lludiv10.o
        40          4          0          0          0         84   noretval__2sprintf.o
         8          4          0          0          0         68   rt_locale_intlibspace.o
        64          0          0          0          0        108   rt_memclr.o
         2          0          0          0          0          0   rtexit.o
        10          0          0          0          0          0   rtexit2.o
        40          0          0          0          0         60   rtudiv10.o
        24          0          0          0          0         60   strcat.o
       136          4          0          0          0         72   strcmp.o
        68          6          0          0          0         72   strlen.o
        12          4          0          0          0         60   sys_exit.o
        62          0          0          0          0         80   sys_stackheap_outer.o
         2          0          0          0          0         68   use_no_semi.o
        46          0          0          0          0         60   cmpret.o
        84          4          0          0          0         60   f2d.o
       100          4          0          0          0         68   fcmpin.o
       352         10         64          0          0         92   fdiv.o
        94          0          0          0          0         92   fflti.o
       176          4          0          0          0         80   fmul.o
        16          6          0          0          0         68   fnan2.o
        88          4          0          0          0         76   frlef.o
        16          4          0          0          0         76   printf1.o
        94          0          0          0          0         68   retnan.o
         0          0          0          0          0          0   usenofp.o
        44          4          0          0          0         60   fpclassify.o

    ----------------------------------------------------------------------
      6072        174        240          0         96       3312   Library Totals
        22          0          0          0          0          0   (incl. Padding)

    ----------------------------------------------------------------------

      Code (inc. data)   RO Data    RW Data    ZI Data      Debug   Library Name

      4940        134        176          0         96       2512   c_p.l
      1066         36         64          0          0        740   fz_ps.l
        44          4          0          0          0         60   m_ps.l

    ----------------------------------------------------------------------
      6072        174        240          0         96       3312   Library Totals

    ----------------------------------------------------------------------

==============================================================================


      Code (inc. data)   RO Data    RW Data    ZI Data      Debug   

     14164        722        584         16       2280     585726   Grand Totals
     14164        722        584         16       2280     585726   ELF Image Totals
     14164        722        584         16          0          0   ROM Totals

==============================================================================

    Total RO  Size (Code + RO Data)                14748 (  14.40kB)
    Total RW  Size (RW Data + ZI Data)              2296 (   2.24kB)
    Total ROM Size (Code + RO Data + RW Data)      14764 (  14.42kB)

==============================================================================

